#
# There is insufficient memory for the Java Runtime Environment to continue.
# Native memory allocation (mmap) failed to map 145752064 bytes. Error detail: G1 virtual space
# Possible reasons:
#   The system is out of physical RAM or swap space
#   This process is running with CompressedOops enabled, and the Java Heap may be blocking the growth of the native heap
# Possible solutions:
#   Reduce memory load on the system
#   Increase physical memory or swap space
#   Check if swap backing store is full
#   Decrease Java heap size (-Xmx/-Xms)
#   Decrease number of Java threads
#   Decrease Java thread stack sizes (-Xss)
#   Set larger code cache with -XX:ReservedCodeCacheSize=
#   JVM is running with Unscaled Compressed Oops mode in which the Java heap is
#     placed in the first 4GB address space. The Java Heap base address is the
#     maximum limit for the native heap growth. Please use -XX:HeapBaseMinAddress
#     to set the Java Heap base and to place the Java Heap above 4GB virtual address.
# This output file may be truncated or incomplete.
#
#  Out of Memory Error (os_windows.cpp:3713), pid=20004, tid=29140
#
# JRE version: OpenJDK Runtime Environment Temurin-21.0.8+9 (21.0.8+9) (build 21.0.8+9-LTS)
# Java VM: OpenJDK 64-Bit Server VM Temurin-21.0.8+9 (21.0.8+9-LTS, mixed mode, tiered, compressed oops, compressed class ptrs, g1 gc, windows-amd64)
# No core dump will be written. Minidumps are not enabled by default on client versions of Windows
#

---------------  S U M M A R Y ------------

Command Line: -Xms64m -Xmx2048m -Dapp.name=ltex-ls-plus -Dapp.repo=c:\Users\yusen\.vscode\extensions\ltex-plus.vscode-ltex-plus-15.6.1\lib\ltex-ls-plus-18.6.1\lib -Dapp.home=c:\Users\yusen\.vscode\extensions\ltex-plus.vscode-ltex-plus-15.6.1\lib\ltex-ls-plus-18.6.1 -Dbasedir=c:\Users\yusen\.vscode\extensions\ltex-plus.vscode-ltex-plus-15.6.1\lib\ltex-ls-plus-18.6.1 org.bsplines.ltexls.LtexLanguageServerLauncher

Host: 13th Gen Intel(R) Core(TM) i5-13420H, 12 cores, 15G,  Windows 11 , 64 bit Build 22621 (10.0.22621.3527)
Time: Mon Jun  8 16:36:50 2026 elapsed time: 7.652885 seconds (0d 0h 0m 7s)

---------------  T H R E A D  ---------------

Current thread (0x0000028eb922fd90):  VMThread "VM Thread"          [id=29140, stack(0x000000c813800000,0x000000c813900000) (1024K)]

Stack: [0x000000c813800000,0x000000c813900000]
Native frames: (J=compiled Java code, j=interpreted, Vv=VM code, C=native code)
V  [jvm.dll+0x6d2449]
V  [jvm.dll+0x8ae341]
V  [jvm.dll+0x8b08be]
V  [jvm.dll+0x8b0fa3]
V  [jvm.dll+0x280c96]
V  [jvm.dll+0x6cec15]
V  [jvm.dll+0x6c2c3a]
V  [jvm.dll+0x35867a]
V  [jvm.dll+0x360246]
V  [jvm.dll+0x3b1f9e]
V  [jvm.dll+0x3b2248]
V  [jvm.dll+0x32c8fc]
V  [jvm.dll+0x32c987]
V  [jvm.dll+0x3706fc]
V  [jvm.dll+0x36ef48]
V  [jvm.dll+0x32c0c1]
V  [jvm.dll+0x36e5ba]
V  [jvm.dll+0x8b6cbf]
V  [jvm.dll+0x8b8044]
V  [jvm.dll+0x8b8580]
V  [jvm.dll+0x8b8823]
V  [jvm.dll+0x857e6b]
V  [jvm.dll+0x6d0b0d]
C  [ucrtbase.dll+0x29333]
C  [KERNEL32.DLL+0x1257d]
C  [ntdll.dll+0x5aa48]

VM_Operation (0x000000c8131fdd90): G1CollectForAllocation, mode: safepoint, requested by thread 0x0000028e9cd73cd0


---------------  P R O C E S S  ---------------

Threads class SMR info:
_java_thread_list=0x0000028ec129c930, length=13, elements={
0x0000028e9cd73cd0, 0x0000028eb928d510, 0x0000028eb92f6500, 0x0000028eb92f86c0,
0x0000028eb92e0c40, 0x0000028eb92e1eb0, 0x0000028eb92e4930, 0x0000028eb930c350,
0x0000028eb930ea00, 0x0000028eb9488c80, 0x0000028eb9494740, 0x0000028ebe575020,
0x0000028ebe20b290
}

Java Threads: ( => current thread )
  0x0000028e9cd73cd0 JavaThread "main"                              [_thread_blocked, id=1708, stack(0x000000c813100000,0x000000c813200000) (1024K)]
  0x0000028eb928d510 JavaThread "Reference Handler"          daemon [_thread_blocked, id=30356, stack(0x000000c813900000,0x000000c813a00000) (1024K)]
  0x0000028eb92f6500 JavaThread "Finalizer"                  daemon [_thread_blocked, id=26796, stack(0x000000c813a00000,0x000000c813b00000) (1024K)]
  0x0000028eb92f86c0 JavaThread "Signal Dispatcher"          daemon [_thread_blocked, id=20516, stack(0x000000c813b00000,0x000000c813c00000) (1024K)]
  0x0000028eb92e0c40 JavaThread "Attach Listener"            daemon [_thread_blocked, id=37688, stack(0x000000c813c00000,0x000000c813d00000) (1024K)]
  0x0000028eb92e1eb0 JavaThread "Service Thread"             daemon [_thread_blocked, id=6324, stack(0x000000c813d00000,0x000000c813e00000) (1024K)]
  0x0000028eb92e4930 JavaThread "Monitor Deflation Thread"   daemon [_thread_blocked, id=34440, stack(0x000000c813e00000,0x000000c813f00000) (1024K)]
  0x0000028eb930c350 JavaThread "C2 CompilerThread0"         daemon [_thread_in_native, id=9952, stack(0x000000c813f00000,0x000000c814000000) (1024K)]
  0x0000028eb930ea00 JavaThread "C1 CompilerThread0"         daemon [_thread_blocked, id=36280, stack(0x000000c814000000,0x000000c814100000) (1024K)]
  0x0000028eb9488c80 JavaThread "Notification Thread"        daemon [_thread_blocked, id=25064, stack(0x000000c814100000,0x000000c814200000) (1024K)]
  0x0000028eb9494740 JavaThread "Common-Cleaner"             daemon [_thread_blocked, id=37356, stack(0x000000c814200000,0x000000c814300000) (1024K)]
  0x0000028ebe575020 JavaThread "C2 CompilerThread1"         daemon [_thread_in_native, id=25480, stack(0x000000c814800000,0x000000c814900000) (1024K)]
  0x0000028ebe20b290 JavaThread "C2 CompilerThread2"         daemon [_thread_blocked, id=37196, stack(0x000000c814900000,0x000000c814a00000) (1024K)]
Total: 13

Other Threads:
=>0x0000028eb922fd90 VMThread "VM Thread"                           [id=29140, stack(0x000000c813800000,0x000000c813900000) (1024K)]
  0x0000028ea203eeb0 WatcherThread "VM Periodic Task Thread"        [id=22396, stack(0x000000c813700000,0x000000c813800000) (1024K)]
  0x0000028ea1ee9450 WorkerThread "GC Thread#0"                     [id=14308, stack(0x000000c813200000,0x000000c813300000) (1024K)]
  0x0000028e9ff7de40 WorkerThread "GC Thread#1"                     [id=35976, stack(0x000000c814300000,0x000000c814400000) (1024K)]
  0x0000028e9ff9a130 WorkerThread "GC Thread#2"                     [id=17736, stack(0x000000c814400000,0x000000c814500000) (1024K)]
  0x0000028e9ff9a4d0 WorkerThread "GC Thread#3"                     [id=36604, stack(0x000000c814500000,0x000000c814600000) (1024K)]
  0x0000028e9ff9a870 WorkerThread "GC Thread#4"                     [id=1524, stack(0x000000c814600000,0x000000c814700000) (1024K)]
  0x0000028e9ff9b020 WorkerThread "GC Thread#5"                     [id=21116, stack(0x000000c814700000,0x000000c814800000) (1024K)]
  0x0000028e9ffee540 WorkerThread "GC Thread#6"                     [id=6004, stack(0x000000c814a00000,0x000000c814b00000) (1024K)]
  0x0000028e9ffecbe0 WorkerThread "GC Thread#7"                     [id=21724, stack(0x000000c814b00000,0x000000c814c00000) (1024K)]
  0x0000028e9ffecf80 WorkerThread "GC Thread#8"                     [id=32072, stack(0x000000c814c00000,0x000000c814d00000) (1024K)]
  0x0000028e9ffed6c0 WorkerThread "GC Thread#9"                     [id=18172, stack(0x000000c814d00000,0x000000c814e00000) (1024K)]
  0x0000028ea1efa740 ConcurrentGCThread "G1 Main Marker"            [id=21160, stack(0x000000c813300000,0x000000c813400000) (1024K)]
  0x0000028ea1efaef0 WorkerThread "G1 Conc#0"                       [id=19732, stack(0x000000c813400000,0x000000c813500000) (1024K)]
  0x0000028e9ffed320 WorkerThread "G1 Conc#1"                       [id=30092, stack(0x000000c814e00000,0x000000c814f00000) (1024K)]
  0x0000028e9ffeda60 WorkerThread "G1 Conc#2"                       [id=32328, stack(0x000000c814f00000,0x000000c815000000) (1024K)]
  0x0000028ea1f90210 ConcurrentGCThread "G1 Refine#0"               [id=29600, stack(0x000000c813500000,0x000000c813600000) (1024K)]
  0x0000028ea1f90a30 ConcurrentGCThread "G1 Service"                [id=33132, stack(0x000000c813600000,0x000000c813700000) (1024K)]
Total: 18

Threads with active compile tasks:
C2 CompilerThread0  7715 3348  s    4       org.languagetool.rules.spelling.SpellingCheckRule::init (314 bytes)
C2 CompilerThread1  7715 3305       4       org.languagetool.rules.spelling.SpellingCheckRule::addIgnoreWords (173 bytes)
C2 CompilerThread2  7715 3363       4       org.languagetool.tokenizers.WordTokenizer::tokenize (49 bytes)
Total: 3

VM state: at safepoint (normal execution)

VM Mutex/Monitor currently owned by a thread:  ([mutex/lock_event])
[0x00007ffbf6f05458] Threads_lock - owner thread: 0x0000028eb922fd90
[0x00007ffbf6f05558] Heap_lock - owner thread: 0x0000028e9cd73cd0

Heap address: 0x0000000080000000, size: 2048 MB, Compressed Oops mode: 32-bit

CDS archive(s) not mapped
Compressed class space mapped at: 0x0000000100000000-0x0000000140000000, reserved size: 1073741824
Narrow klass base: 0x0000000000000000, Narrow klass shift: 3, Narrow klass range: 0x140000000

GC Precious Log:
 CardTable entry size: 512
 Card Set container configuration: InlinePtr #cards 5 size 8 Array Of Cards #cards 12 size 40 Howl #buckets 4 coarsen threshold 1843 Howl Bitmap #cards 512 size 80 coarsen threshold 460 Card regions per heap region 1 cards per card region 2048
 CPUs: 12 total, 12 available
 Memory: 16019M
 Large Page Support: Disabled
 NUMA Support: Disabled
 Compressed Oops: Enabled (32-bit)
 Heap Region Size: 1M
 Heap Min Capacity: 64M
 Heap Initial Capacity: 64M
 Heap Max Capacity: 2G
 Pre-touch: Disabled
 Parallel Workers: 10
 Concurrent Workers: 3
 Concurrent Refinement Workers: 10
 Periodic GC: Disabled

Heap:
 garbage-first heap   total 142336K, used 103113K [0x0000000080000000, 0x0000000100000000)
  region size 1024K, 5 young (5120K), 5 survivors (5120K)
 Metaspace       used 24168K, committed 24448K, reserved 1114112K
  class space    used 2338K, committed 2496K, reserved 1048576K

Heap Regions: E=young(eden), S=young(survivor), O=old, HS=humongous(starts), HC=humongous(continues), CS=collection set, F=free, TAMS=top-at-mark-start, PB=parsable bottom
|   0|0x0000000080000000, 0x0000000080100000, 0x0000000080100000|100%| O|  |TAMS 0x0000000080100000| PB 0x0000000080000000| Untracked 
|   1|0x0000000080100000, 0x0000000080200000, 0x0000000080200000|100%| O|  |TAMS 0x0000000080200000| PB 0x0000000080100000| Untracked 
|   2|0x0000000080200000, 0x0000000080300000, 0x0000000080300000|100%| O|  |TAMS 0x0000000080300000| PB 0x0000000080200000| Untracked 
|   3|0x0000000080300000, 0x0000000080400000, 0x0000000080400000|100%| O|  |TAMS 0x0000000080400000| PB 0x0000000080300000| Untracked 
|   4|0x0000000080400000, 0x0000000080500000, 0x0000000080500000|100%| O|  |TAMS 0x0000000080500000| PB 0x0000000080400000| Untracked 
|   5|0x0000000080500000, 0x0000000080600000, 0x0000000080600000|100%| O|  |TAMS 0x0000000080600000| PB 0x0000000080500000| Untracked 
|   6|0x0000000080600000, 0x0000000080700000, 0x0000000080700000|100%| O|  |TAMS 0x0000000080700000| PB 0x0000000080600000| Untracked 
|   7|0x0000000080700000, 0x0000000080800000, 0x0000000080800000|100%| O|  |TAMS 0x0000000080800000| PB 0x0000000080700000| Untracked 
|   8|0x0000000080800000, 0x0000000080900000, 0x0000000080900000|100%| O|  |TAMS 0x0000000080900000| PB 0x0000000080800000| Untracked 
|   9|0x0000000080900000, 0x0000000080a00000, 0x0000000080a00000|100%| O|  |TAMS 0x0000000080a00000| PB 0x0000000080900000| Untracked 
|  10|0x0000000080a00000, 0x0000000080b00000, 0x0000000080b00000|100%| O|  |TAMS 0x0000000080b00000| PB 0x0000000080a00000| Untracked 
|  11|0x0000000080b00000, 0x0000000080c00000, 0x0000000080c00000|100%| O|  |TAMS 0x0000000080c00000| PB 0x0000000080b00000| Untracked 
|  12|0x0000000080c00000, 0x0000000080d00000, 0x0000000080d00000|100%| O|  |TAMS 0x0000000080d00000| PB 0x0000000080c00000| Untracked 
|  13|0x0000000080d00000, 0x0000000080e00000, 0x0000000080e00000|100%| O|  |TAMS 0x0000000080e00000| PB 0x0000000080d00000| Untracked 
|  14|0x0000000080e00000, 0x0000000080f00000, 0x0000000080f00000|100%| O|  |TAMS 0x0000000080f00000| PB 0x0000000080e00000| Untracked 
|  15|0x0000000080f00000, 0x0000000081000000, 0x0000000081000000|100%| O|  |TAMS 0x0000000081000000| PB 0x0000000080f00000| Untracked 
|  16|0x0000000081000000, 0x0000000081100000, 0x0000000081100000|100%| O|  |TAMS 0x0000000081100000| PB 0x0000000081000000| Untracked 
|  17|0x0000000081100000, 0x0000000081200000, 0x0000000081200000|100%| O|  |TAMS 0x0000000081200000| PB 0x0000000081100000| Untracked 
|  18|0x0000000081200000, 0x0000000081300000, 0x0000000081300000|100%| O|  |TAMS 0x0000000081300000| PB 0x0000000081200000| Untracked 
|  19|0x0000000081300000, 0x0000000081400000, 0x0000000081400000|100%| O|  |TAMS 0x0000000081400000| PB 0x0000000081300000| Untracked 
|  20|0x0000000081400000, 0x0000000081500000, 0x0000000081500000|100%| O|  |TAMS 0x0000000081500000| PB 0x0000000081400000| Untracked 
|  21|0x0000000081500000, 0x0000000081600000, 0x0000000081600000|100%| O|  |TAMS 0x0000000081600000| PB 0x0000000081500000| Untracked 
|  22|0x0000000081600000, 0x0000000081700000, 0x0000000081700000|100%| O|  |TAMS 0x0000000081700000| PB 0x0000000081600000| Untracked 
|  23|0x0000000081700000, 0x0000000081800000, 0x0000000081800000|100%| O|  |TAMS 0x0000000081800000| PB 0x0000000081700000| Untracked 
|  24|0x0000000081800000, 0x0000000081900000, 0x0000000081900000|100%| O|  |TAMS 0x0000000081900000| PB 0x0000000081800000| Untracked 
|  25|0x0000000081900000, 0x0000000081a00000, 0x0000000081a00000|100%|HS|  |TAMS 0x0000000081a00000| PB 0x0000000081900000| Complete 
|  26|0x0000000081a00000, 0x0000000081b00000, 0x0000000081b00000|100%| O|  |TAMS 0x0000000081b00000| PB 0x0000000081a00000| Untracked 
|  27|0x0000000081b00000, 0x0000000081c00000, 0x0000000081c00000|100%| O|  |TAMS 0x0000000081c00000| PB 0x0000000081b00000| Untracked 
|  28|0x0000000081c00000, 0x0000000081d00000, 0x0000000081d00000|100%| O|  |TAMS 0x0000000081d00000| PB 0x0000000081c00000| Untracked 
|  29|0x0000000081d00000, 0x0000000081e00000, 0x0000000081e00000|100%| O|  |TAMS 0x0000000081e00000| PB 0x0000000081d00000| Untracked 
|  30|0x0000000081e00000, 0x0000000081f00000, 0x0000000081f00000|100%| O|  |TAMS 0x0000000081f00000| PB 0x0000000081e00000| Untracked 
|  31|0x0000000081f00000, 0x0000000082000000, 0x0000000082000000|100%| O|  |TAMS 0x0000000082000000| PB 0x0000000081f00000| Untracked 
|  32|0x0000000082000000, 0x0000000082100000, 0x0000000082100000|100%| O|  |TAMS 0x0000000082100000| PB 0x0000000082000000| Untracked 
|  33|0x0000000082100000, 0x0000000082200000, 0x0000000082200000|100%| O|  |TAMS 0x0000000082200000| PB 0x0000000082100000| Untracked 
|  34|0x0000000082200000, 0x0000000082300000, 0x0000000082300000|100%| O|  |TAMS 0x0000000082200000| PB 0x0000000082200000| Untracked 
|  35|0x0000000082300000, 0x0000000082400000, 0x0000000082400000|100%| O|  |TAMS 0x0000000082400000| PB 0x0000000082300000| Untracked 
|  36|0x0000000082400000, 0x0000000082500000, 0x0000000082500000|100%| O|  |TAMS 0x0000000082500000| PB 0x0000000082400000| Untracked 
|  37|0x0000000082500000, 0x0000000082600000, 0x0000000082600000|100%| O|  |TAMS 0x0000000082600000| PB 0x0000000082500000| Untracked 
|  38|0x0000000082600000, 0x0000000082700000, 0x0000000082700000|100%| O|  |TAMS 0x0000000082700000| PB 0x0000000082600000| Untracked 
|  39|0x0000000082700000, 0x0000000082800000, 0x0000000082800000|100%| O|  |TAMS 0x0000000082800000| PB 0x0000000082700000| Untracked 
|  40|0x0000000082800000, 0x0000000082900000, 0x0000000082900000|100%| O|  |TAMS 0x0000000082900000| PB 0x0000000082800000| Untracked 
|  41|0x0000000082900000, 0x0000000082a00000, 0x0000000082a00000|100%| O|  |TAMS 0x0000000082a00000| PB 0x0000000082900000| Untracked 
|  42|0x0000000082a00000, 0x0000000082b00000, 0x0000000082b00000|100%| O|  |TAMS 0x0000000082b00000| PB 0x0000000082a00000| Untracked 
|  43|0x0000000082b00000, 0x0000000082c00000, 0x0000000082c00000|100%| O|  |TAMS 0x0000000082c00000| PB 0x0000000082b00000| Untracked 
|  44|0x0000000082c00000, 0x0000000082d00000, 0x0000000082d00000|100%| O|  |TAMS 0x0000000082d00000| PB 0x0000000082c00000| Untracked 
|  45|0x0000000082d00000, 0x0000000082e00000, 0x0000000082e00000|100%| O|  |TAMS 0x0000000082e00000| PB 0x0000000082d00000| Untracked 
|  46|0x0000000082e00000, 0x0000000082f00000, 0x0000000082f00000|100%|HS|  |TAMS 0x0000000082f00000| PB 0x0000000082e00000| Complete 
|  47|0x0000000082f00000, 0x0000000083000000, 0x0000000083000000|100%|HC|  |TAMS 0x0000000083000000| PB 0x0000000082f00000| Complete 
|  48|0x0000000083000000, 0x0000000083100000, 0x0000000083100000|100%| O|  |TAMS 0x0000000083100000| PB 0x0000000083000000| Untracked 
|  49|0x0000000083100000, 0x0000000083200000, 0x0000000083200000|100%| O|  |TAMS 0x0000000083200000| PB 0x0000000083100000| Untracked 
|  50|0x0000000083200000, 0x0000000083300000, 0x0000000083300000|100%| O|  |TAMS 0x0000000083300000| PB 0x0000000083200000| Untracked 
|  51|0x0000000083300000, 0x0000000083400000, 0x0000000083400000|100%| O|  |TAMS 0x0000000083400000| PB 0x0000000083300000| Untracked 
|  52|0x0000000083400000, 0x0000000083500000, 0x0000000083500000|100%| O|  |TAMS 0x0000000083500000| PB 0x0000000083400000| Untracked 
|  53|0x0000000083500000, 0x0000000083600000, 0x0000000083600000|100%| O|  |TAMS 0x0000000083600000| PB 0x0000000083500000| Untracked 
|  54|0x0000000083600000, 0x0000000083700000, 0x0000000083700000|100%| O|  |TAMS 0x0000000083700000| PB 0x0000000083600000| Untracked 
|  55|0x0000000083700000, 0x0000000083800000, 0x0000000083800000|100%| O|  |TAMS 0x0000000083800000| PB 0x0000000083700000| Untracked 
|  56|0x0000000083800000, 0x0000000083900000, 0x0000000083900000|100%| O|  |TAMS 0x0000000083900000| PB 0x0000000083800000| Untracked 
|  57|0x0000000083900000, 0x0000000083a00000, 0x0000000083a00000|100%| O|  |TAMS 0x0000000083a00000| PB 0x0000000083900000| Untracked 
|  58|0x0000000083a00000, 0x0000000083b00000, 0x0000000083b00000|100%| O|  |TAMS 0x0000000083b00000| PB 0x0000000083a00000| Untracked 
|  59|0x0000000083b00000, 0x0000000083c00000, 0x0000000083c00000|100%| O|  |TAMS 0x0000000083c00000| PB 0x0000000083b00000| Untracked 
|  60|0x0000000083c00000, 0x0000000083d00000, 0x0000000083d00000|100%| O|  |TAMS 0x0000000083d00000| PB 0x0000000083c00000| Untracked 
|  61|0x0000000083d00000, 0x0000000083e00000, 0x0000000083e00000|100%| O|  |TAMS 0x0000000083e00000| PB 0x0000000083d00000| Untracked 
|  62|0x0000000083e00000, 0x0000000083f00000, 0x0000000083f00000|100%| O|  |TAMS 0x0000000083f00000| PB 0x0000000083e00000| Untracked 
|  63|0x0000000083f00000, 0x0000000084000000, 0x0000000084000000|100%| O|  |TAMS 0x0000000084000000| PB 0x0000000083f00000| Untracked 
|  64|0x0000000084000000, 0x0000000084100000, 0x0000000084100000|100%| O|  |TAMS 0x0000000084100000| PB 0x0000000084000000| Untracked 
|  65|0x0000000084100000, 0x0000000084200000, 0x0000000084200000|100%| O|  |TAMS 0x0000000084200000| PB 0x0000000084100000| Untracked 
|  66|0x0000000084200000, 0x0000000084300000, 0x0000000084300000|100%| O|  |TAMS 0x0000000084300000| PB 0x0000000084200000| Untracked 
|  67|0x0000000084300000, 0x0000000084400000, 0x0000000084400000|100%| O|  |TAMS 0x0000000084400000| PB 0x0000000084300000| Untracked 
|  68|0x0000000084400000, 0x0000000084500000, 0x0000000084500000|100%| O|  |TAMS 0x0000000084400000| PB 0x0000000084400000| Untracked 
|  69|0x0000000084500000, 0x0000000084600000, 0x0000000084600000|100%| O|  |TAMS 0x0000000084600000| PB 0x0000000084500000| Untracked 
|  70|0x0000000084600000, 0x0000000084700000, 0x0000000084700000|100%| O|  |TAMS 0x0000000084700000| PB 0x0000000084600000| Untracked 
|  71|0x0000000084700000, 0x0000000084800000, 0x0000000084800000|100%| O|  |TAMS 0x0000000084800000| PB 0x0000000084700000| Untracked 
|  72|0x0000000084800000, 0x0000000084900000, 0x0000000084900000|100%|HS|  |TAMS 0x0000000084900000| PB 0x0000000084800000| Complete 
|  73|0x0000000084900000, 0x0000000084a00000, 0x0000000084a00000|100%|HC|  |TAMS 0x0000000084a00000| PB 0x0000000084900000| Complete 
|  74|0x0000000084a00000, 0x0000000084b00000, 0x0000000084b00000|100%|HC|  |TAMS 0x0000000084b00000| PB 0x0000000084a00000| Complete 
|  75|0x0000000084b00000, 0x0000000084c00000, 0x0000000084c00000|100%| O|  |TAMS 0x0000000084c00000| PB 0x0000000084b00000| Untracked 
|  76|0x0000000084c00000, 0x0000000084d00000, 0x0000000084d00000|100%| O|  |TAMS 0x0000000084d00000| PB 0x0000000084c00000| Untracked 
|  77|0x0000000084d00000, 0x0000000084e00000, 0x0000000084e00000|100%| O|  |TAMS 0x0000000084e00000| PB 0x0000000084d00000| Untracked 
|  78|0x0000000084e00000, 0x0000000084f00000, 0x0000000084f00000|100%| O|  |TAMS 0x0000000084f00000| PB 0x0000000084e00000| Untracked 
|  79|0x0000000084f00000, 0x0000000085000000, 0x0000000085000000|100%| O|  |TAMS 0x0000000085000000| PB 0x0000000084f00000| Untracked 
|  80|0x0000000085000000, 0x0000000085100000, 0x0000000085100000|100%| O|  |TAMS 0x0000000085100000| PB 0x0000000085000000| Untracked 
|  81|0x0000000085100000, 0x0000000085200000, 0x0000000085200000|100%| O|  |TAMS 0x0000000085200000| PB 0x0000000085100000| Untracked 
|  82|0x0000000085200000, 0x0000000085300000, 0x0000000085300000|100%| O|  |TAMS 0x0000000085300000| PB 0x0000000085200000| Untracked 
|  83|0x0000000085300000, 0x0000000085400000, 0x0000000085400000|100%| O|  |TAMS 0x0000000085400000| PB 0x0000000085300000| Untracked 
|  84|0x0000000085400000, 0x0000000085500000, 0x0000000085500000|100%| O|  |TAMS 0x0000000085500000| PB 0x0000000085400000| Untracked 
|  85|0x0000000085500000, 0x0000000085600000, 0x0000000085600000|100%| O|  |TAMS 0x0000000085600000| PB 0x0000000085500000| Untracked 
|  86|0x0000000085600000, 0x0000000085700000, 0x0000000085700000|100%| O|  |TAMS 0x0000000085700000| PB 0x0000000085600000| Untracked 
|  87|0x0000000085700000, 0x0000000085800000, 0x0000000085800000|100%| O|  |TAMS 0x0000000085800000| PB 0x0000000085700000| Untracked 
|  88|0x0000000085800000, 0x0000000085900000, 0x0000000085900000|100%| O|  |TAMS 0x0000000085900000| PB 0x0000000085800000| Untracked 
|  89|0x0000000085900000, 0x0000000085a00000, 0x0000000085a00000|100%| O|  |TAMS 0x0000000085a00000| PB 0x0000000085900000| Untracked 
|  90|0x0000000085a00000, 0x0000000085b00000, 0x0000000085b00000|100%| O|  |TAMS 0x0000000085b00000| PB 0x0000000085a00000| Untracked 
|  91|0x0000000085b00000, 0x0000000085c00000, 0x0000000085c00000|100%| O|  |TAMS 0x0000000085b00000| PB 0x0000000085b00000| Untracked 
|  92|0x0000000085c00000, 0x0000000085d00000, 0x0000000085d00000|100%| O|  |TAMS 0x0000000085c00000| PB 0x0000000085c00000| Untracked 
|  93|0x0000000085d00000, 0x0000000085e00000, 0x0000000085e00000|100%| O|  |TAMS 0x0000000085d00000| PB 0x0000000085d00000| Untracked 
|  94|0x0000000085e00000, 0x0000000085f00000, 0x0000000085f00000|100%| O|  |TAMS 0x0000000085f00000| PB 0x0000000085e00000| Untracked 
|  95|0x0000000085f00000, 0x0000000086000000, 0x0000000086000000|100%| O|  |TAMS 0x0000000085f80000| PB 0x0000000085f00000| Untracked 
|  96|0x0000000086000000, 0x0000000086000000, 0x0000000086100000|  0%| F|  |TAMS 0x0000000086000000| PB 0x0000000086000000| Untracked 
|  97|0x0000000086100000, 0x0000000086100000, 0x0000000086200000|  0%| F|  |TAMS 0x0000000086100000| PB 0x0000000086100000| Untracked 
|  98|0x0000000086200000, 0x0000000086200000, 0x0000000086300000|  0%| F|  |TAMS 0x0000000086200000| PB 0x0000000086200000| Untracked 
|  99|0x0000000086300000, 0x0000000086300000, 0x0000000086400000|  0%| F|  |TAMS 0x0000000086300000| PB 0x0000000086300000| Untracked 
| 100|0x0000000086400000, 0x0000000086400000, 0x0000000086500000|  0%| F|  |TAMS 0x0000000086400000| PB 0x0000000086400000| Untracked 
| 101|0x0000000086500000, 0x0000000086500000, 0x0000000086600000|  0%| F|  |TAMS 0x0000000086500000| PB 0x0000000086500000| Untracked 
| 102|0x0000000086600000, 0x00000000866b2400, 0x0000000086700000| 69%| S|CS|TAMS 0x0000000086600000| PB 0x0000000086600000| Complete 
| 103|0x0000000086700000, 0x0000000086800000, 0x0000000086800000|100%| S|CS|TAMS 0x0000000086700000| PB 0x0000000086700000| Complete 
| 104|0x0000000086800000, 0x0000000086800000, 0x0000000086900000|  0%| F|  |TAMS 0x0000000086800000| PB 0x0000000086800000| Untracked 
| 105|0x0000000086900000, 0x0000000086900000, 0x0000000086a00000|  0%| F|  |TAMS 0x0000000086900000| PB 0x0000000086900000| Untracked 
| 106|0x0000000086a00000, 0x0000000086a00000, 0x0000000086b00000|  0%| F|  |TAMS 0x0000000086a00000| PB 0x0000000086a00000| Untracked 
| 107|0x0000000086b00000, 0x0000000086b00000, 0x0000000086c00000|  0%| F|  |TAMS 0x0000000086b00000| PB 0x0000000086b00000| Untracked 
| 108|0x0000000086c00000, 0x0000000086d00000, 0x0000000086d00000|100%| S|CS|TAMS 0x0000000086c00000| PB 0x0000000086c00000| Complete 
| 109|0x0000000086d00000, 0x0000000086e00000, 0x0000000086e00000|100%| S|CS|TAMS 0x0000000086d00000| PB 0x0000000086d00000| Complete 
| 110|0x0000000086e00000, 0x0000000086f00000, 0x0000000086f00000|100%| S|CS|TAMS 0x0000000086e00000| PB 0x0000000086e00000| Complete 
| 111|0x0000000086f00000, 0x0000000086f00000, 0x0000000087000000|  0%| F|  |TAMS 0x0000000086f00000| PB 0x0000000086f00000| Untracked 
| 112|0x0000000087000000, 0x0000000087000000, 0x0000000087100000|  0%| F|  |TAMS 0x0000000087000000| PB 0x0000000087000000| Untracked 
| 113|0x0000000087100000, 0x0000000087100000, 0x0000000087200000|  0%| F|  |TAMS 0x0000000087100000| PB 0x0000000087100000| Untracked 
| 114|0x0000000087200000, 0x0000000087200000, 0x0000000087300000|  0%| F|  |TAMS 0x0000000087200000| PB 0x0000000087200000| Untracked 
| 115|0x0000000087300000, 0x0000000087300000, 0x0000000087400000|  0%| F|  |TAMS 0x0000000087300000| PB 0x0000000087300000| Untracked 
| 116|0x0000000087400000, 0x0000000087400000, 0x0000000087500000|  0%| F|  |TAMS 0x0000000087400000| PB 0x0000000087400000| Untracked 
| 117|0x0000000087500000, 0x0000000087500000, 0x0000000087600000|  0%| F|  |TAMS 0x0000000087500000| PB 0x0000000087500000| Untracked 
| 118|0x0000000087600000, 0x0000000087600000, 0x0000000087700000|  0%| F|  |TAMS 0x0000000087600000| PB 0x0000000087600000| Untracked 
| 119|0x0000000087700000, 0x0000000087700000, 0x0000000087800000|  0%| F|  |TAMS 0x0000000087700000| PB 0x0000000087700000| Untracked 
| 120|0x0000000087800000, 0x0000000087800000, 0x0000000087900000|  0%| F|  |TAMS 0x0000000087800000| PB 0x0000000087800000| Untracked 
| 121|0x0000000087900000, 0x0000000087900000, 0x0000000087a00000|  0%| F|  |TAMS 0x0000000087900000| PB 0x0000000087900000| Untracked 
| 122|0x0000000087a00000, 0x0000000087a00000, 0x0000000087b00000|  0%| F|  |TAMS 0x0000000087a00000| PB 0x0000000087a00000| Untracked 
| 123|0x0000000087b00000, 0x0000000087b00000, 0x0000000087c00000|  0%| F|  |TAMS 0x0000000087b00000| PB 0x0000000087b00000| Untracked 
| 124|0x0000000087c00000, 0x0000000087c00000, 0x0000000087d00000|  0%| F|  |TAMS 0x0000000087c00000| PB 0x0000000087c00000| Untracked 
| 125|0x0000000087d00000, 0x0000000087d00000, 0x0000000087e00000|  0%| F|  |TAMS 0x0000000087d00000| PB 0x0000000087d00000| Untracked 
| 126|0x0000000087e00000, 0x0000000087e00000, 0x0000000087f00000|  0%| F|  |TAMS 0x0000000087e00000| PB 0x0000000087e00000| Untracked 
| 127|0x0000000087f00000, 0x0000000087f00000, 0x0000000088000000|  0%| F|  |TAMS 0x0000000087f00000| PB 0x0000000087f00000| Untracked 
| 128|0x0000000088000000, 0x0000000088000000, 0x0000000088100000|  0%| F|  |TAMS 0x0000000088000000| PB 0x0000000088000000| Untracked 
| 129|0x0000000088100000, 0x0000000088100000, 0x0000000088200000|  0%| F|  |TAMS 0x0000000088100000| PB 0x0000000088100000| Untracked 
| 130|0x0000000088200000, 0x0000000088200000, 0x0000000088300000|  0%| F|  |TAMS 0x0000000088200000| PB 0x0000000088200000| Untracked 
| 131|0x0000000088300000, 0x0000000088300000, 0x0000000088400000|  0%| F|  |TAMS 0x0000000088300000| PB 0x0000000088300000| Untracked 
| 132|0x0000000088400000, 0x0000000088400000, 0x0000000088500000|  0%| F|  |TAMS 0x0000000088400000| PB 0x0000000088400000| Untracked 
| 133|0x0000000088500000, 0x0000000088500000, 0x0000000088600000|  0%| F|  |TAMS 0x0000000088500000| PB 0x0000000088500000| Untracked 
| 134|0x0000000088600000, 0x0000000088600000, 0x0000000088700000|  0%| F|  |TAMS 0x0000000088600000| PB 0x0000000088600000| Untracked 
| 135|0x0000000088700000, 0x0000000088700000, 0x0000000088800000|  0%| F|  |TAMS 0x0000000088700000| PB 0x0000000088700000| Untracked 
| 136|0x0000000088800000, 0x0000000088800000, 0x0000000088900000|  0%| F|  |TAMS 0x0000000088800000| PB 0x0000000088800000| Untracked 
| 137|0x0000000088900000, 0x0000000088900000, 0x0000000088a00000|  0%| F|  |TAMS 0x0000000088900000| PB 0x0000000088900000| Untracked 
| 138|0x0000000088a00000, 0x0000000088a00000, 0x0000000088b00000|  0%| F|  |TAMS 0x0000000088a00000| PB 0x0000000088a00000| Untracked 

Card table byte_map: [0x0000028eb42d0000,0x0000028eb46d0000] _byte_map_base: 0x0000028eb3ed0000

Marking Bits: (CMBitMap*) 0x0000028ea1ee9800
 Bits: [0x0000028eb46d0000, 0x0000028eb66d0000)

Polling page: 0x0000028ea1560000

Metaspace:

Usage:
  Non-class:     21.32 MB used.
      Class:      2.28 MB used.
       Both:     23.60 MB used.

Virtual space:
  Non-class space:       64.00 MB reserved,      21.44 MB ( 33%) committed,  1 nodes.
      Class space:        1.00 GB reserved,       2.44 MB ( <1%) committed,  1 nodes.
             Both:        1.06 GB reserved,      23.88 MB (  2%) committed. 

Chunk freelists:
   Non-Class:  10.25 MB
       Class:  13.55 MB
        Both:  23.80 MB

MaxMetaspaceSize: unlimited
CompressedClassSpaceSize: 1.00 GB
Initial GC threshold: 21.00 MB
Current GC threshold: 39.69 MB
CDS: off
 - commit_granule_bytes: 65536.
 - commit_granule_words: 8192.
 - virtual_space_node_default_size: 8388608.
 - enlarge_chunks_in_place: 1.
 - use_allocation_guard: 0.


Internal statistics:

num_allocs_failed_limit: 3.
num_arena_births: 160.
num_arena_deaths: 0.
num_vsnodes_births: 2.
num_vsnodes_deaths: 0.
num_space_committed: 381.
num_space_uncommitted: 0.
num_chunks_returned_to_freelist: 3.
num_chunks_taken_from_freelist: 527.
num_chunk_merges: 3.
num_chunk_splits: 332.
num_chunks_enlarged: 235.
num_inconsistent_stats: 0.

CodeHeap 'non-profiled nmethods': size=120000Kb used=2956Kb max_used=2956Kb free=117043Kb
 bounds [0x0000028eac440000, 0x0000028eac730000, 0x0000028eb3970000]
CodeHeap 'profiled nmethods': size=120000Kb used=7052Kb max_used=7052Kb free=112948Kb
 bounds [0x0000028ea4970000, 0x0000028ea5090000, 0x0000028eabea0000]
CodeHeap 'non-nmethods': size=5760Kb used=1486Kb max_used=1540Kb free=4273Kb
 bounds [0x0000028eabea0000, 0x0000028eac110000, 0x0000028eac440000]
CodeCache: size=245760Kb, used=11494Kb, max_used=11548Kb, free=234264Kb
 total_blobs=3703, nmethods=3136, adapters=471, full_count=0
Compilation: enabled, stopped_count=0, restarted_count=0

Compilation events (20 events):
Event: 7.230 Thread 0x0000028eb930c350 nmethod 3339 0x0000028eac71b310 code [0x0000028eac71b520, 0x0000028eac71bd00]
Event: 7.231 Thread 0x0000028eb930c350 3341       4       java.util.Arrays$ArrayList::indexOf (62 bytes)
Event: 7.233 Thread 0x0000028eb930c350 nmethod 3341 0x0000028eac486a90 code [0x0000028eac486c40, 0x0000028eac486f18]
Event: 7.233 Thread 0x0000028eb930c350 3348  s    4       org.languagetool.rules.spelling.SpellingCheckRule::init (314 bytes)
Event: 7.329 Thread 0x0000028ebe20b290 nmethod 3345 0x0000028eac71c390 code [0x0000028eac71c840, 0x0000028eac71ee58]
Event: 7.329 Thread 0x0000028ebe20b290 3354       4       org.languagetool.rules.patterns.AbstractPatternRule::<init> (237 bytes)
Event: 7.355 Thread 0x0000028eb930ea00 3358 %     3       com.google.common.collect.MapMakerInternalMap$Segment::expand @ 56 (276 bytes)
Event: 7.361 Thread 0x0000028eb930ea00 nmethod 3358% 0x0000028ea4979b90 code [0x0000028ea497a3e0, 0x0000028ea497f770]
Event: 7.362 Thread 0x0000028eb930ea00 3359       3       com.google.common.collect.MapMakerInternalMap$Segment::expand (276 bytes)
Event: 7.367 Thread 0x0000028eb930ea00 nmethod 3359 0x0000028ea5082110 code [0x0000028ea5082940, 0x0000028ea5087b38]
Event: 7.380 Thread 0x0000028ebe20b290 nmethod 3354 0x0000028eac720a10 code [0x0000028eac720d20, 0x0000028eac722b48]
Event: 7.380 Thread 0x0000028ebe20b290 3351       4       org.languagetool.rules.patterns.PatternToken::calcStringHints (220 bytes)
Event: 7.391 Thread 0x0000028eb930ea00 3362       3       java.lang.CharacterData00::toLowerCase (3433 bytes)
Event: 7.393 Thread 0x0000028eb930ea00 nmethod 3362 0x0000028ea4aaf210 code [0x0000028ea4aaf5c0, 0x0000028ea4ab2ed0]
Event: 7.394 Thread 0x0000028ebe20b290 nmethod 3351 0x0000028eac723a10 code [0x0000028eac723d00, 0x0000028eac724808]
Event: 7.394 Thread 0x0000028ebe20b290 3355       4       java.util.concurrent.locks.ReentrantLock$NonfairSync::initialTryLock (58 bytes)
Event: 7.396 Thread 0x0000028ebe20b290 nmethod 3355 0x0000028eac48da10 code [0x0000028eac48dba0, 0x0000028eac48dd68]
Event: 7.396 Thread 0x0000028ebe20b290 3360 %     4       com.google.common.collect.MapMakerInternalMap$Segment::expand @ 56 (276 bytes)
Event: 7.421 Thread 0x0000028ebe20b290 nmethod 3360% 0x0000028eac725210 code [0x0000028eac725480, 0x0000028eac7267e0]
Event: 7.421 Thread 0x0000028ebe20b290 3363       4       org.languagetool.tokenizers.WordTokenizer::tokenize (49 bytes)

GC Heap History (20 events):
Event: 3.560 GC heap after
{Heap after GC invocations=6 (full 0):
 garbage-first heap   total 65536K, used 25418K [0x0000000080000000, 0x0000000100000000)
  region size 1024K, 3 young (3072K), 3 survivors (3072K)
 Metaspace       used 23230K, committed 23488K, reserved 1114112K
  class space    used 2240K, committed 2368K, reserved 1048576K
}
Event: 3.992 GC heap before
{Heap before GC invocations=6 (full 0):
 garbage-first heap   total 65536K, used 53066K [0x0000000080000000, 0x0000000100000000)
  region size 1024K, 26 young (26624K), 3 survivors (3072K)
 Metaspace       used 23527K, committed 23744K, reserved 1114112K
  class space    used 2277K, committed 2368K, reserved 1048576K
}
Event: 4.007 GC heap after
{Heap after GC invocations=7 (full 0):
 garbage-first heap   total 96256K, used 29092K [0x0000000080000000, 0x0000000100000000)
  region size 1024K, 3 young (3072K), 3 survivors (3072K)
 Metaspace       used 23527K, committed 23744K, reserved 1114112K
  class space    used 2277K, committed 2368K, reserved 1048576K
}
Event: 5.096 GC heap before
{Heap before GC invocations=7 (full 0):
 garbage-first heap   total 96256K, used 76196K [0x0000000080000000, 0x0000000100000000)
  region size 1024K, 49 young (50176K), 3 survivors (3072K)
 Metaspace       used 23561K, committed 23808K, reserved 1114112K
  class space    used 2278K, committed 2368K, reserved 1048576K
}
Event: 5.123 GC heap after
{Heap after GC invocations=8 (full 0):
 garbage-first heap   total 96256K, used 35111K [0x0000000080000000, 0x0000000100000000)
  region size 1024K, 7 young (7168K), 7 survivors (7168K)
 Metaspace       used 23561K, committed 23808K, reserved 1114112K
  class space    used 2278K, committed 2368K, reserved 1048576K
}
Event: 5.453 GC heap before
{Heap before GC invocations=8 (full 0):
 garbage-first heap   total 96256K, used 75047K [0x0000000080000000, 0x0000000100000000)
  region size 1024K, 46 young (47104K), 7 survivors (7168K)
 Metaspace       used 23573K, committed 23808K, reserved 1114112K
  class space    used 2281K, committed 2368K, reserved 1048576K
}
Event: 5.476 GC heap after
{Heap after GC invocations=9 (full 0):
 garbage-first heap   total 96256K, used 41445K [0x0000000080000000, 0x0000000100000000)
  region size 1024K, 6 young (6144K), 6 survivors (6144K)
 Metaspace       used 23573K, committed 23808K, reserved 1114112K
  class space    used 2281K, committed 2368K, reserved 1048576K
}
Event: 5.898 GC heap before
{Heap before GC invocations=9 (full 0):
 garbage-first heap   total 96256K, used 78309K [0x0000000080000000, 0x0000000100000000)
  region size 1024K, 42 young (43008K), 6 survivors (6144K)
 Metaspace       used 23965K, committed 24192K, reserved 1114112K
  class space    used 2324K, committed 2432K, reserved 1048576K
}
Event: 5.921 GC heap after
{Heap after GC invocations=10 (full 0):
 garbage-first heap   total 96256K, used 47093K [0x0000000080000000, 0x0000000100000000)
  region size 1024K, 6 young (6144K), 6 survivors (6144K)
 Metaspace       used 23965K, committed 24192K, reserved 1114112K
  class space    used 2324K, committed 2432K, reserved 1048576K
}
Event: 6.279 GC heap before
{Heap before GC invocations=10 (full 0):
 garbage-first heap   total 96256K, used 80885K [0x0000000080000000, 0x0000000100000000)
  region size 1024K, 38 young (38912K), 6 survivors (6144K)
 Metaspace       used 24006K, committed 24256K, reserved 1114112K
  class space    used 2324K, committed 2432K, reserved 1048576K
}
Event: 6.310 GC heap after
{Heap after GC invocations=11 (full 0):
 garbage-first heap   total 139264K, used 56304K [0x0000000080000000, 0x0000000100000000)
  region size 1024K, 5 young (5120K), 5 survivors (5120K)
 Metaspace       used 24006K, committed 24256K, reserved 1114112K
  class space    used 2324K, committed 2432K, reserved 1048576K
}
Event: 6.669 GC heap before
{Heap before GC invocations=11 (full 0):
 garbage-first heap   total 139264K, used 115696K [0x0000000080000000, 0x0000000100000000)
  region size 1024K, 61 young (62464K), 5 survivors (5120K)
 Metaspace       used 24125K, committed 24384K, reserved 1114112K
  class space    used 2336K, committed 2496K, reserved 1048576K
}
Event: 6.717 GC heap after
{Heap after GC invocations=12 (full 0):
 garbage-first heap   total 139264K, used 73728K [0x0000000080000000, 0x0000000100000000)
  region size 1024K, 8 young (8192K), 8 survivors (8192K)
 Metaspace       used 24125K, committed 24384K, reserved 1114112K
  class space    used 2336K, committed 2496K, reserved 1048576K
}
Event: 6.855 GC heap before
{Heap before GC invocations=12 (full 0):
 garbage-first heap   total 139264K, used 108544K [0x0000000080000000, 0x0000000100000000)
  region size 1024K, 43 young (44032K), 8 survivors (8192K)
 Metaspace       used 24126K, committed 24384K, reserved 1114112K
  class space    used 2336K, committed 2496K, reserved 1048576K
}
Event: 6.883 GC heap after
{Heap after GC invocations=13 (full 0):
 garbage-first heap   total 139264K, used 82944K [0x0000000080000000, 0x0000000100000000)
  region size 1024K, 7 young (7168K), 7 survivors (7168K)
 Metaspace       used 24126K, committed 24384K, reserved 1114112K
  class space    used 2336K, committed 2496K, reserved 1048576K
}
Event: 7.246 GC heap before
{Heap before GC invocations=14 (full 0):
 garbage-first heap   total 142336K, used 120832K [0x0000000080000000, 0x0000000100000000)
  region size 1024K, 42 young (43008K), 7 survivors (7168K)
 Metaspace       used 24167K, committed 24448K, reserved 1114112K
  class space    used 2338K, committed 2496K, reserved 1048576K
}
Event: 7.279 GC heap after
{Heap after GC invocations=15 (full 0):
 garbage-first heap   total 142336K, used 93184K [0x0000000080000000, 0x0000000100000000)
  region size 1024K, 6 young (6144K), 6 survivors (6144K)
 Metaspace       used 24167K, committed 24448K, reserved 1114112K
  class space    used 2338K, committed 2496K, reserved 1048576K
}
Event: 7.431 GC heap before
{Heap before GC invocations=15 (full 0):
 garbage-first heap   total 142336K, used 124928K [0x0000000080000000, 0x0000000100000000)
  region size 1024K, 37 young (37888K), 6 survivors (6144K)
 Metaspace       used 24168K, committed 24448K, reserved 1114112K
  class space    used 2338K, committed 2496K, reserved 1048576K
}
Event: 7.459 GC heap after
{Heap after GC invocations=16 (full 0):
 garbage-first heap   total 142336K, used 97792K [0x0000000080000000, 0x0000000100000000)
  region size 1024K, 5 young (5120K), 5 survivors (5120K)
 Metaspace       used 24168K, committed 24448K, reserved 1114112K
  class space    used 2338K, committed 2496K, reserved 1048576K
}
Event: 7.614 GC heap before
{Heap before GC invocations=16 (full 0):
 garbage-first heap   total 142336K, used 126464K [0x0000000080000000, 0x0000000100000000)
  region size 1024K, 33 young (33792K), 5 survivors (5120K)
 Metaspace       used 24168K, committed 24448K, reserved 1114112K
  class space    used 2338K, committed 2496K, reserved 1048576K
}

Dll operation events (9 events):
Event: 0.007 Loaded shared library c:\Users\yusen\.vscode\extensions\ltex-plus.vscode-ltex-plus-15.6.1\lib\ltex-ls-plus-18.6.1\jdk-21.0.8+9\bin\java.dll
Event: 0.013 Loaded shared library c:\Users\yusen\.vscode\extensions\ltex-plus.vscode-ltex-plus-15.6.1\lib\ltex-ls-plus-18.6.1\jdk-21.0.8+9\bin\zip.dll
Event: 0.064 Loaded shared library c:\Users\yusen\.vscode\extensions\ltex-plus.vscode-ltex-plus-15.6.1\lib\ltex-ls-plus-18.6.1\jdk-21.0.8+9\bin\jsvml.dll
Event: 0.190 Loaded shared library C:\Users\yusen\.vscode\extensions\ltex-plus.vscode-ltex-plus-15.6.1\lib\ltex-ls-plus-18.6.1\jdk-21.0.8+9\bin\net.dll
Event: 0.193 Loaded shared library C:\Users\yusen\.vscode\extensions\ltex-plus.vscode-ltex-plus-15.6.1\lib\ltex-ls-plus-18.6.1\jdk-21.0.8+9\bin\nio.dll
Event: 0.202 Loaded shared library C:\Users\yusen\.vscode\extensions\ltex-plus.vscode-ltex-plus-15.6.1\lib\ltex-ls-plus-18.6.1\jdk-21.0.8+9\bin\zip.dll
Event: 0.399 Loaded shared library C:\Users\yusen\.vscode\extensions\ltex-plus.vscode-ltex-plus-15.6.1\lib\ltex-ls-plus-18.6.1\jdk-21.0.8+9\bin\jimage.dll
Event: 0.459 Loaded shared library C:\Users\yusen\AppData\Local\Temp\jansi-2.4.2-ec114fc02085d0db-jansi.dll
Event: 0.511 Loaded shared library c:\Users\yusen\.vscode\extensions\ltex-plus.vscode-ltex-plus-15.6.1\lib\ltex-ls-plus-18.6.1\jdk-21.0.8+9\bin\verify.dll

Deoptimization events (20 events):
Event: 7.224 Thread 0x0000028e9cd73cd0 Uncommon trap: trap_request=0xffffff66 fr.pc=0x0000028eac71044c relative=0x00000000000022ac
Event: 7.224 Thread 0x0000028e9cd73cd0 Uncommon trap: reason=speculate_class_check action=maybe_recompile pc=0x0000028eac71044c method=org.languagetool.rules.spelling.SpellingCheckRule.addIgnoreWords(Ljava/lang/String;)V @ 1 c2
Event: 7.224 Thread 0x0000028e9cd73cd0 DEOPT PACKING pc=0x0000028eac71044c sp=0x000000c8131fe300
Event: 7.224 Thread 0x0000028e9cd73cd0 DEOPT UNPACKING pc=0x0000028eabef46a2 sp=0x000000c8131fe258 mode 2
Event: 7.290 Thread 0x0000028e9cd73cd0 Uncommon trap: trap_request=0xffffff66 fr.pc=0x0000028eac71044c relative=0x00000000000022ac
Event: 7.290 Thread 0x0000028e9cd73cd0 Uncommon trap: reason=speculate_class_check action=maybe_recompile pc=0x0000028eac71044c method=org.languagetool.rules.spelling.SpellingCheckRule.addIgnoreWords(Ljava/lang/String;)V @ 1 c2
Event: 7.290 Thread 0x0000028e9cd73cd0 DEOPT PACKING pc=0x0000028eac71044c sp=0x000000c8131fe300
Event: 7.290 Thread 0x0000028e9cd73cd0 DEOPT UNPACKING pc=0x0000028eabef46a2 sp=0x000000c8131fe258 mode 2
Event: 7.301 Thread 0x0000028e9cd73cd0 Uncommon trap: trap_request=0xffffff66 fr.pc=0x0000028eac71044c relative=0x00000000000022ac
Event: 7.301 Thread 0x0000028e9cd73cd0 Uncommon trap: reason=speculate_class_check action=maybe_recompile pc=0x0000028eac71044c method=org.languagetool.rules.spelling.SpellingCheckRule.addIgnoreWords(Ljava/lang/String;)V @ 1 c2
Event: 7.301 Thread 0x0000028e9cd73cd0 DEOPT PACKING pc=0x0000028eac71044c sp=0x000000c8131fe300
Event: 7.301 Thread 0x0000028e9cd73cd0 DEOPT UNPACKING pc=0x0000028eabef46a2 sp=0x000000c8131fe258 mode 2
Event: 7.311 Thread 0x0000028e9cd73cd0 Uncommon trap: trap_request=0xffffff45 fr.pc=0x0000028eac6bef40 relative=0x0000000000000120
Event: 7.311 Thread 0x0000028e9cd73cd0 Uncommon trap: reason=unstable_if action=reinterpret pc=0x0000028eac6bef40 method=java.lang.CharacterData00.toLowerCase(I)I @ 21 c2
Event: 7.311 Thread 0x0000028e9cd73cd0 DEOPT PACKING pc=0x0000028eac6bef40 sp=0x000000c8131fdda0
Event: 7.311 Thread 0x0000028e9cd73cd0 DEOPT UNPACKING pc=0x0000028eabef46a2 sp=0x000000c8131fdd10 mode 2
Event: 7.313 Thread 0x0000028e9cd73cd0 Uncommon trap: trap_request=0xffffff66 fr.pc=0x0000028eac71044c relative=0x00000000000022ac
Event: 7.313 Thread 0x0000028e9cd73cd0 Uncommon trap: reason=speculate_class_check action=maybe_recompile pc=0x0000028eac71044c method=org.languagetool.rules.spelling.SpellingCheckRule.addIgnoreWords(Ljava/lang/String;)V @ 1 c2
Event: 7.313 Thread 0x0000028e9cd73cd0 DEOPT PACKING pc=0x0000028eac71044c sp=0x000000c8131fe300
Event: 7.313 Thread 0x0000028e9cd73cd0 DEOPT UNPACKING pc=0x0000028eabef46a2 sp=0x000000c8131fe258 mode 2

Classes loaded (20 events):
Event: 6.346 Loading class sun/text/resources/BreakIteratorInfo
Event: 6.347 Loading class sun/text/resources/BreakIteratorInfo done
Event: 6.347 Loading class sun/text/resources/BreakIteratorResources
Event: 6.347 Loading class sun/util/resources/BreakIteratorResourceBundle
Event: 6.347 Loading class sun/util/resources/BreakIteratorResourceBundle done
Event: 6.347 Loading class sun/text/resources/BreakIteratorResources done
Event: 6.350 Loading class sun/text/RuleBasedBreakIterator
Event: 6.350 Loading class sun/text/RuleBasedBreakIterator done
Event: 6.350 Loading class sun/text/CompactByteArray
Event: 6.351 Loading class sun/text/CompactByteArray done
Event: 6.351 Loading class sun/text/SupplementaryCharacterData
Event: 6.351 Loading class sun/text/SupplementaryCharacterData done
Event: 6.351 Loading class java/text/BreakIterator$BreakIteratorCache
Event: 6.351 Loading class java/text/BreakIterator$BreakIteratorCache done
Event: 6.351 Loading class java/text/StringCharacterIterator
Event: 6.351 Loading class java/text/CharacterIterator
Event: 6.351 Loading class java/text/CharacterIterator done
Event: 6.351 Loading class java/text/StringCharacterIterator done
Event: 7.004 Loading class java/net/URISyntaxException
Event: 7.004 Loading class java/net/URISyntaxException done

Classes unloaded (0 events):
No events

Classes redefined (0 events):
No events

Internal exceptions (20 events):
Event: 0.464 Thread 0x0000028e9cd73cd0 Exception <a 'java/lang/NullPointerException'{0x000000008374cef8}> (0x000000008374cef8) 
thrown [s\src\hotspot\share\interpreter\linkResolver.cpp, line 1372]
Event: 0.464 Thread 0x0000028e9cd73cd0 Exception <a 'java/lang/NullPointerException'{0x000000008374d1d8}> (0x000000008374d1d8) 
thrown [s\src\hotspot\share\interpreter\linkResolver.cpp, line 1372]
Event: 0.464 Thread 0x0000028e9cd73cd0 Exception <a 'java/lang/NullPointerException'{0x000000008374d4b8}> (0x000000008374d4b8) 
thrown [s\src\hotspot\share\interpreter\linkResolver.cpp, line 1372]
Event: 0.464 Thread 0x0000028e9cd73cd0 Exception <a 'java/lang/NullPointerException'{0x000000008374d798}> (0x000000008374d798) 
thrown [s\src\hotspot\share\interpreter\linkResolver.cpp, line 1372]
Event: 0.816 Thread 0x0000028e9cd73cd0 Exception <a 'java/lang/NoSuchMethodError'{0x00000000830b6ee0}: 'int java.lang.invoke.DirectMethodHandle$Holder.invokeSpecial(java.lang.Object, java.lang.Object, java.lang.Object)'> (0x00000000830b6ee0) 
thrown [s\src\hotspot\share\interpreter\linkResolver.cpp, line 773]
Event: 0.818 Thread 0x0000028e9cd73cd0 Exception <a 'java/lang/NoSuchMethodError'{0x00000000830c1798}: 'void java.lang.invoke.DelegatingMethodHandle$Holder.reinvoke_L(java.lang.Object, java.lang.Object, int)'> (0x00000000830c1798) 
thrown [s\src\hotspot\share\interpreter\linkResolver.cpp, line 773]
Event: 0.819 Thread 0x0000028e9cd73cd0 Exception <a 'java/lang/NoSuchMethodError'{0x00000000830c8138}: 'int java.lang.invoke.Invokers$Holder.invokeExact_MT(java.lang.Object, java.lang.Object, java.lang.Object)'> (0x00000000830c8138) 
thrown [s\src\hotspot\share\interpreter\linkResolver.cpp, line 773]
Event: 0.822 Thread 0x0000028e9cd73cd0 Exception <a 'java/lang/NoSuchMethodError'{0x00000000830d8820}: 'void java.lang.invoke.Invokers$Holder.invokeExact_MT(java.lang.Object, java.lang.Object, java.lang.Object, java.lang.Object)'> (0x00000000830d8820) 
thrown [s\src\hotspot\share\interpreter\linkResolver.cpp, line 773]
Event: 0.934 Thread 0x0000028e9cd73cd0 Exception <a 'java/lang/NoSuchMethodError'{0x0000000082e3f888}: 'void java.lang.invoke.DirectMethodHandle$Holder.invokeVirtual(java.lang.Object, java.lang.Object)'> (0x0000000082e3f888) 
thrown [s\src\hotspot\share\interpreter\linkResolver.cpp, line 773]
Event: 1.258 Thread 0x0000028e9cd73cd0 Exception <a 'java/lang/NoSuchMethodError'{0x0000000083e0fe78}: 'java.lang.Object java.lang.invoke.DirectMethodHandle$Holder.invokeStaticInit(java.lang.Object, java.lang.Object, java.lang.Object)'> (0x0000000083e0fe78) 
thrown [s\src\hotspot\share\interpreter\linkResolver.cpp, line 773]
Event: 1.266 Thread 0x0000028e9cd73cd0 Exception <a 'java/lang/NoClassDefFoundError'{0x0000000083e35098}: org/apache/logging/log4j/spi/LoggerAdapter> (0x0000000083e35098) 
thrown [s\src\hotspot\share\classfile\systemDictionary.cpp, line 301]
Event: 1.362 Thread 0x0000028e9cd73cd0 Exception <a 'java/lang/ClassNotFoundException'{0x0000000083efab48}: com/sun/org/apache/xerces/internal/impl/xpath/regex/spi/messageProvider> (0x0000000083efab48) 
thrown [s\src\hotspot\share\classfile\systemDictionary.cpp, line 312]
Event: 1.743 Thread 0x0000028e9cd73cd0 Exception <a 'java/lang/NoSuchMethodError'{0x000000008361a2c0}: 'java.lang.Object java.lang.invoke.DirectMethodHandle$Holder.invokeInterface(java.lang.Object, java.lang.Object)'> (0x000000008361a2c0) 
thrown [s\src\hotspot\share\interpreter\linkResolver.cpp, line 773]
Event: 1.744 Thread 0x0000028e9cd73cd0 Exception <a 'java/lang/IncompatibleClassChangeError'{0x000000008361d898}: Found class java.lang.Object, but interface was expected> (0x000000008361d898) 
thrown [s\src\hotspot\share\interpreter\linkResolver.cpp, line 840]
Event: 1.959 Thread 0x0000028e9cd73cd0 Exception <a 'java/lang/NoSuchMethodError'{0x0000000083fa54e8}: 'java.lang.Object java.lang.invoke.Invokers$Holder.invokeExact_MT(java.lang.Object, java.lang.Object, java.lang.Object, java.lang.Object, java.lang.Object, java.lang.Object)'> (0x0000000083fa54e8) 
thrown [s\src\hotspot\share\interpreter\linkResolver.cpp, line 773]
Event: 2.024 Thread 0x0000028e9cd73cd0 Exception <a 'java/lang/NoSuchMethodError'{0x0000000083eafc30}: 'int java.lang.invoke.DirectMethodHandle$Holder.invokeVirtual(java.lang.Object, java.lang.Object, java.lang.Object)'> (0x0000000083eafc30) 
thrown [s\src\hotspot\share\interpreter\linkResolver.cpp, line 773]
Event: 2.080 Thread 0x0000028e9cd73cd0 Exception <a 'java/lang/NoSuchMethodError'{0x0000000083b94f98}: 'void java.lang.invoke.DirectMethodHandle$Holder.invokeInterface(java.lang.Object, java.lang.Object, java.lang.Object)'> (0x0000000083b94f98) 
thrown [s\src\hotspot\share\interpreter\linkResolver.cpp, line 773]
Event: 2.150 Thread 0x0000028e9cd73cd0 Exception <a 'java/lang/NoSuchMethodError'{0x0000000083a7dc68}: 'java.lang.Object java.lang.invoke.DirectMethodHandle$Holder.invokeVirtual(java.lang.Object, java.lang.Object, java.lang.Object)'> (0x0000000083a7dc68) 
thrown [s\src\hotspot\share\interpreter\linkResolver.cpp, line 773]
Event: 5.272 Thread 0x0000028e9cd73cd0 Implicit null exception at 0x0000028eac614ce0 to 0x0000028eac61659c
Event: 5.757 Thread 0x0000028e9cd73cd0 Implicit null exception at 0x0000028eac5f0901 to 0x0000028eac5f0934

ZGC Phase Switch (0 events):
No events

VM Operations (20 events):
Event: 5.476 Executing VM operation: G1CollectForAllocation (G1 Evacuation Pause) done
Event: 5.898 Executing VM operation: G1CollectForAllocation (G1 Evacuation Pause)
Event: 5.921 Executing VM operation: G1CollectForAllocation (G1 Evacuation Pause) done
Event: 6.279 Executing VM operation: G1CollectForAllocation (G1 Evacuation Pause)
Event: 6.310 Executing VM operation: G1CollectForAllocation (G1 Evacuation Pause) done
Event: 6.669 Executing VM operation: G1CollectForAllocation (G1 Evacuation Pause)
Event: 6.717 Executing VM operation: G1CollectForAllocation (G1 Evacuation Pause) done
Event: 6.855 Executing VM operation: G1TryInitiateConcMark (G1 Humongous Allocation)
Event: 6.883 Executing VM operation: G1TryInitiateConcMark (G1 Humongous Allocation) done
Event: 6.943 Executing VM operation: G1PauseRemark
Event: 6.949 Executing VM operation: G1PauseRemark done
Event: 6.977 Executing VM operation: G1PauseCleanup
Event: 6.977 Executing VM operation: G1PauseCleanup done
Event: 7.007 Executing VM operation: HandshakeAllThreads (Deoptimize)
Event: 7.007 Executing VM operation: HandshakeAllThreads (Deoptimize) done
Event: 7.246 Executing VM operation: G1CollectForAllocation (G1 Evacuation Pause)
Event: 7.280 Executing VM operation: G1CollectForAllocation (G1 Evacuation Pause) done
Event: 7.431 Executing VM operation: G1CollectForAllocation (G1 Evacuation Pause)
Event: 7.459 Executing VM operation: G1CollectForAllocation (G1 Evacuation Pause) done
Event: 7.614 Executing VM operation: G1CollectForAllocation (G1 Evacuation Pause)

Memory protections (0 events):
No events

Nmethod flushes (20 events):
Event: 6.948 Thread 0x0000028eb922fd90 flushing  nmethod 0x0000028ea4ab8a90
Event: 6.948 Thread 0x0000028eb922fd90 flushing  nmethod 0x0000028ea4af4c90
Event: 6.948 Thread 0x0000028eb922fd90 flushing  nmethod 0x0000028ea4af5310
Event: 6.948 Thread 0x0000028eb922fd90 flushing  nmethod 0x0000028ea4af8f10
Event: 6.948 Thread 0x0000028eb922fd90 flushing  nmethod 0x0000028ea4af9790
Event: 6.948 Thread 0x0000028eb922fd90 flushing  nmethod 0x0000028ea4afba10
Event: 6.948 Thread 0x0000028eb922fd90 flushing  nmethod 0x0000028ea4afd310
Event: 6.948 Thread 0x0000028eb922fd90 flushing  nmethod 0x0000028ea4afdd10
Event: 6.948 Thread 0x0000028eb922fd90 flushing  nmethod 0x0000028ea4afe410
Event: 6.948 Thread 0x0000028eb922fd90 flushing  nmethod 0x0000028ea4b22490
Event: 6.948 Thread 0x0000028eb922fd90 flushing  nmethod 0x0000028ea4b24090
Event: 6.948 Thread 0x0000028eb922fd90 flushing  nmethod 0x0000028ea4b5b690
Event: 6.948 Thread 0x0000028eb922fd90 flushing  nmethod 0x0000028ea4b5e290
Event: 6.948 Thread 0x0000028eb922fd90 flushing  nmethod 0x0000028ea4b6c190
Event: 6.948 Thread 0x0000028eb922fd90 flushing  nmethod 0x0000028ea4ba7310
Event: 6.948 Thread 0x0000028eb922fd90 flushing  nmethod 0x0000028ea4bdb210
Event: 6.948 Thread 0x0000028eb922fd90 flushing  nmethod 0x0000028ea4c05090
Event: 6.948 Thread 0x0000028eb922fd90 flushing  nmethod 0x0000028ea4c05b10
Event: 6.948 Thread 0x0000028eb922fd90 flushing  nmethod 0x0000028ea4c06390
Event: 6.948 Thread 0x0000028eb922fd90 flushing  nmethod 0x0000028ea4c06a90

Events (20 events):
Event: 0.059 Thread 0x0000028e9cd73cd0 Thread added: 0x0000028eb928d510
Event: 0.060 Thread 0x0000028e9cd73cd0 Thread added: 0x0000028eb92f6500
Event: 0.061 Thread 0x0000028e9cd73cd0 Thread added: 0x0000028eb92f86c0
Event: 0.061 Thread 0x0000028e9cd73cd0 Thread added: 0x0000028eb92e0c40
Event: 0.061 Thread 0x0000028e9cd73cd0 Thread added: 0x0000028eb92e1eb0
Event: 0.061 Thread 0x0000028e9cd73cd0 Thread added: 0x0000028eb92e4930
Event: 0.062 Thread 0x0000028e9cd73cd0 Thread added: 0x0000028eb930c350
Event: 0.062 Thread 0x0000028e9cd73cd0 Thread added: 0x0000028eb930ea00
Event: 0.170 Thread 0x0000028e9cd73cd0 Thread added: 0x0000028eb9488c80
Event: 0.179 Thread 0x0000028e9cd73cd0 Thread added: 0x0000028eb9494740
Event: 0.386 Thread 0x0000028e9cd73cd0 Thread added: 0x0000028e9f528060
Event: 0.433 Thread 0x0000028e9f528060 Thread exited: 0x0000028e9f528060
Event: 1.009 Thread 0x0000028eb930ea00 Thread added: 0x0000028e9fc15890
Event: 1.141 Thread 0x0000028e9fc15890 Thread exited: 0x0000028e9fc15890
Event: 1.835 Thread 0x0000028eb930ea00 Thread added: 0x0000028ea066d490
Event: 1.842 Thread 0x0000028eb930ea00 Thread added: 0x0000028ea03d1d50
Event: 5.017 Thread 0x0000028ea03d1d50 Thread exited: 0x0000028ea03d1d50
Event: 6.743 Thread 0x0000028ea066d490 Thread exited: 0x0000028ea066d490
Event: 7.011 Thread 0x0000028eb930ea00 Thread added: 0x0000028ebe575020
Event: 7.156 Thread 0x0000028eb930c350 Thread added: 0x0000028ebe20b290


Dynamic libraries:
0x00007ff60f130000 - 0x00007ff60f13e000 	c:\Users\yusen\.vscode\extensions\ltex-plus.vscode-ltex-plus-15.6.1\lib\ltex-ls-plus-18.6.1\jdk-21.0.8+9\bin\java.exe
0x00007ffcac290000 - 0x00007ffcac4a7000 	C:\Windows\SYSTEM32\ntdll.dll
0x00007ffcab090000 - 0x00007ffcab154000 	C:\Windows\System32\KERNEL32.DLL
0x00007ffca9c10000 - 0x00007ffca9fb7000 	C:\Windows\System32\KERNELBASE.dll
0x00007ffca1690000 - 0x00007ffca1727000 	C:\Windows\SYSTEM32\apphelp.dll
0x00007ffca9900000 - 0x00007ffca9a11000 	C:\Windows\System32\ucrtbase.dll
0x00007ffca36a0000 - 0x00007ffca37b6000 	C:\Windows\SYSTEM32\winahframe64.dll
0x00007ffc9cb40000 - 0x00007ffc9d1eb000 	C:\Windows\SYSTEM32\tsafedoc64.dll
0x00007ffc7f990000 - 0x00007ffc7f9ae000 	c:\Users\yusen\.vscode\extensions\ltex-plus.vscode-ltex-plus-15.6.1\lib\ltex-ls-plus-18.6.1\jdk-21.0.8+9\bin\VCRUNTIME140.dll
0x00007ffc80c50000 - 0x00007ffc80c68000 	c:\Users\yusen\.vscode\extensions\ltex-plus.vscode-ltex-plus-15.6.1\lib\ltex-ls-plus-18.6.1\jdk-21.0.8+9\bin\jli.dll
0x00007ffcaa0e0000 - 0x00007ffcaa28e000 	C:\Windows\System32\USER32.dll
0x00007ffca9a20000 - 0x00007ffca9a46000 	C:\Windows\System32\win32u.dll
0x00007ffca12a0000 - 0x00007ffca1533000 	C:\Windows\WinSxS\amd64_microsoft.windows.common-controls_6595b64144ccf1df_6.0.22621.3527_none_270e469b73872a76\COMCTL32.dll
0x00007ffcab430000 - 0x00007ffcab4d7000 	C:\Windows\System32\msvcrt.dll
0x00007ffcab860000 - 0x00007ffcab889000 	C:\Windows\System32\GDI32.dll
0x00007ffca9a50000 - 0x00007ffca9b69000 	C:\Windows\System32\gdi32full.dll
0x00007ffcab330000 - 0x00007ffcab3e2000 	C:\Windows\System32\ADVAPI32.dll
0x00007ffcac090000 - 0x00007ffcac101000 	C:\Windows\System32\WS2_32.dll
0x00007ffca95b0000 - 0x00007ffca964a000 	C:\Windows\System32\msvcp_win.dll
0x00007ffcabb60000 - 0x00007ffcabc08000 	C:\Windows\System32\sechost.dll
0x00007ffca9fc0000 - 0x00007ffcaa0d5000 	C:\Windows\System32\RPCRT4.dll
0x00007ffca9b70000 - 0x00007ffca9b98000 	C:\Windows\System32\bcrypt.dll
0x00007ffcaa830000 - 0x00007ffcab08c000 	C:\Windows\System32\SHELL32.dll
0x00007ffcab990000 - 0x00007ffcabb35000 	C:\Windows\System32\ole32.dll
0x00007ffcab8b0000 - 0x00007ffcab987000 	C:\Windows\System32\OLEAUT32.dll
0x00007ffcaa4a0000 - 0x00007ffcaa828000 	C:\Windows\System32\combase.dll
0x00007ffc9e730000 - 0x00007ffc9e7d8000 	C:\Windows\SYSTEM32\WINSPOOL.DRV
0x00007ffca8250000 - 0x00007ffca825a000 	C:\Windows\SYSTEM32\VERSION.dll
0x00007ffcab160000 - 0x00007ffcab255000 	C:\Windows\System32\shcore.dll
0x00007ffca1670000 - 0x00007ffca168e000 	C:\Windows\SYSTEM32\MPR.dll
0x00007ffcab3f0000 - 0x00007ffcab421000 	C:\Windows\System32\IMM32.DLL
0x00007ffca17c0000 - 0x00007ffca2034000 	C:\Windows\SYSTEM32\winahdcore64.dll
0x00007ffcab700000 - 0x00007ffcab75e000 	C:\Windows\System32\SHLWAPI.dll
0x00007ffcab760000 - 0x00007ffcab857000 	C:\Windows\System32\COMDLG32.dll
0x00007ffca1540000 - 0x00007ffca15a9000 	C:\Windows\SYSTEM32\OLEACC.dll
0x00007ffca1630000 - 0x00007ffca1664000 	C:\Windows\SYSTEM32\WINMM.dll
0x00007ffca97c0000 - 0x00007ffca9839000 	C:\Windows\System32\bcryptPrimitives.dll
0x00007ffc9e990000 - 0x00007ffc9ebf4000 	C:\Windows\SYSTEM32\dtframe64.dll
0x00007ffc9e820000 - 0x00007ffc9e852000 	C:\Windows\SYSTEM32\TIjtDrvd64.dll
0x00007ffc9e5e0000 - 0x00007ffc9e707000 	C:\Windows\SYSTEM32\dtsframe64.dll
0x00007ffca8b30000 - 0x00007ffca8b99000 	C:\Windows\SYSTEM32\mswsock.dll
0x00007ffcaa330000 - 0x00007ffcaa338000 	C:\Windows\System32\psapi.dll
0x00007ffc9e1d0000 - 0x00007ffc9e4e3000 	C:\Windows\SYSTEM32\windlgctl64.dll
0x00007ffc9dcb0000 - 0x00007ffc9de6a000 	C:\Windows\WinSxS\amd64_microsoft.windows.gdiplus_6595b64144ccf1df_1.1.22621.3527_none_57f93980ce19a444\gdiplus.dll
0x00007ffc9de90000 - 0x00007ffc9de97000 	C:\Windows\SYSTEM32\MSIMG32.dll
0x00007ffca3870000 - 0x00007ffca391b000 	C:\Windows\SYSTEM32\UxTheme.dll
0x00007ffca3ab0000 - 0x00007ffca3adb000 	C:\Windows\SYSTEM32\dwmapi.dll
0x00007ffc90e00000 - 0x00007ffc90e0c000 	C:\Windows\SYSTEM32\WinUsb.dll
0x00007ffc90d70000 - 0x00007ffc90dfa000 	C:\Windows\SYSTEM32\mf.dll
0x00007ffc909d0000 - 0x00007ffc90d69000 	C:\Windows\SYSTEM32\MFCORE.DLL
0x00007ffcabc10000 - 0x00007ffcac084000 	C:\Windows\System32\setupapi.dll
0x00007ffc9d8e0000 - 0x00007ffc9da33000 	C:\Windows\SYSTEM32\TMailHook64.dll
0x00007ffc9d480000 - 0x00007ffc9d6a1000 	C:\Windows\SYSTEM32\winncap364.dll
0x00007ffc794a0000 - 0x00007ffc7961e000 	C:\Windows\SYSTEM32\TAuxMod64.dll
0x00007ffca8230000 - 0x00007ffca8249000 	C:\Windows\SYSTEM32\NetApi32.dll
0x00007ffca7f40000 - 0x00007ffca7f68000 	C:\Windows\SYSTEM32\SRVCLI.DLL
0x00007ffc8b730000 - 0x00007ffc8b75a000 	C:\Windows\SYSTEM32\hlink.dll
0x00007ffc914a0000 - 0x00007ffc9175e000 	C:\Windows\SYSTEM32\iertutil.dll
0x00007ffc9d2c0000 - 0x00007ffc9d2cc000 	c:\Users\yusen\.vscode\extensions\ltex-plus.vscode-ltex-plus-15.6.1\lib\ltex-ls-plus-18.6.1\jdk-21.0.8+9\bin\vcruntime140_1.dll
0x00007ffc5b7f0000 - 0x00007ffc5b87d000 	c:\Users\yusen\.vscode\extensions\ltex-plus.vscode-ltex-plus-15.6.1\lib\ltex-ls-plus-18.6.1\jdk-21.0.8+9\bin\msvcp140.dll
0x00007ffbf6250000 - 0x00007ffbf6fe7000 	c:\Users\yusen\.vscode\extensions\ltex-plus.vscode-ltex-plus-15.6.1\lib\ltex-ls-plus-18.6.1\jdk-21.0.8+9\bin\server\jvm.dll
0x00007ffca8430000 - 0x00007ffca847d000 	C:\Windows\SYSTEM32\POWRPROF.dll
0x00007ffca8410000 - 0x00007ffca8423000 	C:\Windows\SYSTEM32\UMPDC.dll
0x00007ffca86c0000 - 0x00007ffca86d8000 	C:\Windows\SYSTEM32\kernel.appcore.dll
0x00007ffc88830000 - 0x00007ffc8883a000 	c:\Users\yusen\.vscode\extensions\ltex-plus.vscode-ltex-plus-15.6.1\lib\ltex-ls-plus-18.6.1\jdk-21.0.8+9\bin\jimage.dll
0x00007ffca65b0000 - 0x00007ffca67e2000 	C:\Windows\SYSTEM32\DBGHELP.DLL
0x00007ffc7d850000 - 0x00007ffc7d882000 	C:\Windows\SYSTEM32\dbgcore.DLL
0x00007ffc7f400000 - 0x00007ffc7f41f000 	c:\Users\yusen\.vscode\extensions\ltex-plus.vscode-ltex-plus-15.6.1\lib\ltex-ls-plus-18.6.1\jdk-21.0.8+9\bin\java.dll
0x00007ffc7f320000 - 0x00007ffc7f338000 	c:\Users\yusen\.vscode\extensions\ltex-plus.vscode-ltex-plus-15.6.1\lib\ltex-ls-plus-18.6.1\jdk-21.0.8+9\bin\zip.dll
0x00007ffca70c0000 - 0x00007ffca79b6000 	C:\Windows\SYSTEM32\windows.storage.dll
0x00007ffca6f30000 - 0x00007ffca706e000 	C:\Windows\SYSTEM32\wintypes.dll
0x00007ffca94e0000 - 0x00007ffca9501000 	C:\Windows\SYSTEM32\profapi.dll
0x00007ffc59890000 - 0x00007ffc59967000 	c:\Users\yusen\.vscode\extensions\ltex-plus.vscode-ltex-plus-15.6.1\lib\ltex-ls-plus-18.6.1\jdk-21.0.8+9\bin\jsvml.dll
0x00007ffc803c0000 - 0x00007ffc803d0000 	C:\Users\yusen\.vscode\extensions\ltex-plus.vscode-ltex-plus-15.6.1\lib\ltex-ls-plus-18.6.1\jdk-21.0.8+9\bin\net.dll
0x00007ffca0e70000 - 0x00007ffca0fa6000 	C:\Windows\SYSTEM32\WINHTTP.dll
0x00007ffc7f130000 - 0x00007ffc7f146000 	C:\Users\yusen\.vscode\extensions\ltex-plus.vscode-ltex-plus-15.6.1\lib\ltex-ls-plus-18.6.1\jdk-21.0.8+9\bin\nio.dll
0x00007ffc807d0000 - 0x00007ffc807f4000 	C:\Users\yusen\AppData\Local\Temp\jansi-2.4.2-ec114fc02085d0db-jansi.dll
0x00007ffc7f980000 - 0x00007ffc7f990000 	c:\Users\yusen\.vscode\extensions\ltex-plus.vscode-ltex-plus-15.6.1\lib\ltex-ls-plus-18.6.1\jdk-21.0.8+9\bin\verify.dll
0x00007ffca84b0000 - 0x00007ffca84bc000 	C:\Windows\SYSTEM32\secur32.dll
0x00007ffca8920000 - 0x00007ffca896c000 	C:\Windows\SYSTEM32\SSPICLI.DLL

JVMTI agents: none

dbghelp: loaded successfully - version: 4.0.5 - missing functions: none
symbol engine: initialized successfully - sym options: 0x614 - pdb path: .;c:\Users\yusen\.vscode\extensions\ltex-plus.vscode-ltex-plus-15.6.1\lib\ltex-ls-plus-18.6.1\jdk-21.0.8+9\bin;C:\Windows\SYSTEM32;C:\Windows\WinSxS\amd64_microsoft.windows.common-controls_6595b64144ccf1df_6.0.22621.3527_none_270e469b73872a76;C:\Windows\WinSxS\amd64_microsoft.windows.gdiplus_6595b64144ccf1df_1.1.22621.3527_none_57f93980ce19a444;c:\Users\yusen\.vscode\extensions\ltex-plus.vscode-ltex-plus-15.6.1\lib\ltex-ls-plus-18.6.1\jdk-21.0.8+9\bin\server;C:\Users\yusen\AppData\Local\Temp

VM Arguments:
jvm_args: -Xms64m -Xmx2048m -Dapp.name=ltex-ls-plus -Dapp.repo=c:\Users\yusen\.vscode\extensions\ltex-plus.vscode-ltex-plus-15.6.1\lib\ltex-ls-plus-18.6.1\lib -Dapp.home=c:\Users\yusen\.vscode\extensions\ltex-plus.vscode-ltex-plus-15.6.1\lib\ltex-ls-plus-18.6.1 -Dbasedir=c:\Users\yusen\.vscode\extensions\ltex-plus.vscode-ltex-plus-15.6.1\lib\ltex-ls-plus-18.6.1 
java_command: org.bsplines.ltexls.LtexLanguageServerLauncher
java_class_path (initial): c:\Users\yusen\.vscode\extensions\ltex-plus.vscode-ltex-plus-15.6.1\lib\ltex-ls-plus-18.6.1\etc;c:\Users\yusen\.vscode\extensions\ltex-plus.vscode-ltex-plus-15.6.1\lib\ltex-ls-plus-18.6.1\lib\aho-corasick-double-array-trie-1.2.2.jar;c:\Users\yusen\.vscode\extensions\ltex-plus.vscode-ltex-plus-15.6.1\lib\ltex-ls-plus-18.6.1\lib\angus-activation-2.0.2.jar;c:\Users\yusen\.vscode\extensions\ltex-plus.vscode-ltex-plus-15.6.1\lib\ltex-ls-plus-18.6.1\lib\animal-sniffer-annotations-1.24.jar;c:\Users\yusen\.vscode\extensions\ltex-plus.vscode-ltex-plus-15.6.1\lib\ltex-ls-plus-18.6.1\lib\annotations-12.0.jar;c:\Users\yusen\.vscode\extensions\ltex-plus.vscode-ltex-plus-15.6.1\lib\ltex-ls-plus-18.6.1\lib\annotations-13.0.jar;c:\Users\yusen\.vscode\extensions\ltex-plus.vscode-ltex-plus-15.6.1\lib\ltex-ls-plus-18.6.1\lib\annotations-4.1.1.4.jar;c:\Users\yusen\.vscode\extensions\ltex-plus.vscode-ltex-plus-15.6.1\lib\ltex-ls-plus-18.6.1\lib\asturian-pos-dict-0.1.jar;c:\Users\yusen\.vscode\extensions\ltex-plus.vscode-ltex-plus-15.6.1\lib\ltex-ls-plus-18.6.1\lib\catalan-pos-dict-2.27.jar;c:\Users\yusen\.vscode\extensions\ltex-plus.vscode-ltex-plus-15.6.1\lib\ltex-ls-plus-18.6.1\lib\checker-qual-3.43.0.jar;c:\Users\yusen\.vscode\extensions\ltex-plus.vscode-ltex-plus-15.6.1\lib\ltex-ls-plus-18.6.1\lib\commons-digester-2.1.jar;c:\Users\yusen\.vscode\extensions\ltex-plus.vscode-ltex-plus-15.6.1\lib\ltex-ls-plus-18.6.1\lib\commons-lang3-3.18.0.jar;c:\Users\yusen\.vscode\extensions\ltex-plus.vscode-ltex-plus-15.6.1\lib\ltex-ls-plus-18.6.1\lib\commons-logging-1.3.4.jar;c:\Users\yusen\.vscode\extensions\ltex-plus.vscode-ltex-plus-15.6.1\lib\ltex-ls-plus-18.6.1\lib\commons-pool2-2.12.0.jar;c:\Users\yusen\.vscode\extensions\ltex-plus.vscode-ltex-plus-15.6.1\lib\ltex-ls-plus-18.6.1\lib\commons-text-1.12.0.jar;c:\Users\yusen\.vscode\extensions\ltex-plus.vscode-ltex-plus-15.6.1\lib\ltex-ls-plus-18.6.1\lib\commons-validator-1.9.0.jar;c:\Users\yusen\.vscode\extensions\ltex-plus.vscode-ltex-plus-15.6.1\lib\ltex-ls-plus-18.6.1\lib\dutch-pos-dict-0.1.jar;c:\Users\yusen\.vscode\extensions\ltex-plus.vscode-ltex-plus-15.6.1\lib\ltex-ls-plus-18.6.1\lib\english-pos-dict-0.6.jar;c:\Users\yusen\.vscode\extensions\ltex-plus.vscode-ltex-plus-15.6.1\lib\ltex-ls-plus-18.6.1\lib\error_prone_annotations-2.38.0.jar;c:\Users\yusen\.vscode\extensions\ltex-plus.vscode-ltex-plus-15.6.1\lib\ltex-ls-plus-18.6.1\lib\error_prone_annotations-2.41.0.jar;c:\Users\yusen\.vscode\extensions\ltex-plus.vscode-ltex-plus-15.6.1\lib\ltex-ls-plus-18.6.1\lib\failureaccess-1.0.2.jar;c:\Users\yusen\.vscode\extensions\ltex-plus.vscode-ltex-plus-15.6.1\lib\ltex-ls-plus-18.6.1\lib\fastutil-core-8.5.14.jar;c:\Users\yusen\.vscode\extensions\ltex-plus.vscode-ltex-plus-15.6.1\lib\ltex-ls-plus-18.6.1\lib\flexmark-0.64.8.jar;c:\Users\yusen\.vscode\extensions\ltex-plus.vscode-ltex-plus-15.6.1\lib\ltex-ls-plus-18.6.1\lib\flexmark-ext-definition-0.64.8.jar;c:\Users\yusen\.vscode\extensions\ltex-plus.vscode-ltex-plus-15.6.1\lib\ltex-ls-plus-18.6.1\lib\flexmark-ext-gfm-strikethrough-0.64.8.jar;c:\Users\yusen\.vscode\extensions\ltex-plus.vscode-ltex-plus-15.6.1\lib\ltex-ls-plus-18.6.1\lib\flexmark-ext-gitlab-0.64.8.jar;c:\Users\yusen\.vscode\extensions\ltex-plus.vscode-ltex-plus-15.6.1\lib\ltex-ls-plus-18.6.1\lib\flexmark-ext-tables-0.64.8.jar;c:\Users\yusen\.vscode\extensions\ltex-plus.vscode-ltex-plus-15.6.1\lib\ltex-ls-plus-18.6.1\lib\flexmark-ext-yaml-front-matter-0.64.8.jar;c:\Users\yusen\.vscode\extensions\ltex-plus.vscode-ltex-plus-15.6.1\lib\ltex-ls-plus-18.6.1\lib\flexmark-test-util-0.64.8.jar;c:\Users\yusen\.vscode\extensions\ltex-plus.vscode-ltex-plus-15.6.1\lib\ltex-ls-plus-18.6.1\lib\flexmark-util-0.64.8.jar;c:\Users\yusen\.vscode\extensions\ltex-plus.vscode-ltex-plus-15.6.1\lib\ltex-ls-plus-18.6.1\lib\flexmark-util-ast-0.64.8.jar;c:\Users\yusen\.vscode\extensions\ltex-plus.vscode-ltex-plus-15.6.1\lib\ltex-ls-plus-18.6.1\lib\flexmark-util-builder-0.64.8.jar;c:\Users\yusen\.vscode\extensions\ltex-plus.vscode-ltex-plus-15.6.1\lib\ltex-ls-plus-18.6.1\lib\flexmark-util-collection-0.64.8.jar;c:\Users\yusen\.vscode\extensions\ltex-plus.vscode-ltex-plus-15.6.1\lib\ltex-ls-plus-18.6.1\lib\flexmark-util-data-0.64.8.jar;c:\Users\yusen\.vscode\extensions\ltex-plus.vscode-ltex-plus-15.6.1\lib\ltex-ls-plus-18.6.1\lib\flexmark-util-dependency-0.64.8.jar;c:\Users\yusen\.vscode\extensions\ltex-plus.vscode-ltex-plus-15.6.1\lib\ltex-ls-plus-18.6.1\lib\flexmark-util-format-0.64.8.jar;c:\Users\yusen\.vscode\extensions\ltex-plus.vscode-ltex-plus-15.6.1\lib\ltex-ls-plus-18.6.1\lib\flexmark-util-html-0.64.8.jar;c:\Users\yusen\.vscode\extensions\ltex-plus.vscode-ltex-plus-15.6.1\lib\ltex-ls-plus-18.6.1\lib\flexmark-util-misc-0.64.8.jar;c:\Users\yusen\.vscode\extensions\ltex-plus.vscode-ltex-plus-15.6.1\lib\ltex-ls-plus-18.6.1\lib\flexmark-util-options-0.64.8.jar;c:\Users\yusen\.vscode\extensions\ltex-plus.vscode-ltex-plus-15.6.1\lib\ltex-ls-plus-18.6.1\lib\flexmark-util-sequence-0.64.8.jar;c:\Users\yusen\.vscode\extensions\ltex-plus.vscode-ltex-plus-15.6.1\lib\ltex-ls-plus-18.6.1\lib\flexmark-util-visitor-0.64.8.jar;c:\Users\yusen\.vscode\extensions\ltex-plus.vscode-ltex-plus-15.6.1\lib\ltex-ls-plus-18.6.1\lib\french-pos-dict-0.7.jar;c:\Users\yusen\.vscode\extensions\ltex-plus.vscode-ltex-plus-15.6.1\lib\ltex-ls-plus-18.6.1\lib\german-pos-dict-1.2.4.jar;c:\Users\yusen\.vscode\extensions\ltex-plus.vscode-ltex-plus-15.6.1\lib\ltex-ls-plus-18.6.1\lib\grpc-api-1.75.0.jar;c:\Users\yusen\.vscode\extensions\ltex-plus.vscode-ltex-plus-15.6.1\lib\ltex-ls-plus-18.6.1\lib\grpc-context-1.75.0.jar;c:\Users\yusen\.vscode\extensions\ltex-plus.vscode-ltex-plus-15.6.1\lib\ltex-ls-plus-18.6.1\lib\grpc-core-1.75.0.jar;c:\Users\yusen\.vscode\extensions\ltex-plus.vscode-ltex-plus-15.6.1\lib\ltex-ls-plus-18.6.1\lib\grpc-netty-shaded-1.75.0.jar;c:\Users\yusen\.vscode\extensions\ltex-plus.vscode-ltex-plus-15.6.1\lib\ltex-ls-plus-18.6.1\lib\grpc-protobuf-1.75.0.jar;c:\Users\yusen\.vscode\extensions\ltex-plus.vscode-ltex-plus-15.6.1\lib\ltex-ls-plus-18.6.1\lib\grpc-protobuf-lite-1.75.0.jar;c:\Users\yusen\.vscode\extensions\ltex-plus.vscode-ltex-plus-15.6.1\lib\ltex-ls-plus-18.6.1\lib\grpc-stub-1.75.0.jar;c:\Users\yusen\.vscode\extensions\ltex-plus.vscode-ltex-plus-15.6.1\lib\ltex-ls-plus-18.6.1\lib\grpc-util-1.75.0.jar;c:\Users\yusen\.vscode\extensions\ltex-plus.vscode-ltex-plus-15.6.1\lib\ltex-ls-plus-18.6.1\lib\gson-2.13.1.jar;c:\Users\yusen\.vscode\extensions\ltex-plus.vscode-ltex-plus-15.6.1\lib\ltex-ls-plus-18.6.1\lib\gson-2.13.2.jar;c:\Users\yusen\.vscode\extensions\ltex-plus.vscode-ltex-plus-15.6.1\lib\ltex-ls-plus-18.6.1\lib\guava-33.3.1-jre.jar;c:\Users\yusen\.vscode\extensions\ltex-plus.vscode-ltex-plus-15.6.1\lib\ltex-ls-plus-18.6.1\lib\hamcrest-core-1.3.jar;c:\Users\yusen\.vscode\extensions\ltex-plus.vscode-ltex-plus-15.6.1\lib\ltex-ls-plus-18.6.1\lib\hanlp-portable-1.8.2.jar;c:\Users\yusen\.vscode\extensions\ltex-plus.vscode-ltex-plus-15.6.1\lib\ltex-ls-plus-18.6.1\lib\HdrHistogram-2.1.12.jar;c:\Users\yusen\.vscode\extensions\ltex-plus.vscode-ltex-plus-15.6.1\lib\ltex-ls-plus-18.6.1\lib\hppc-0.8.2.jar;c:\Users\yusen\.vscode\extensions\ltex-plus.vscode-ltex-plus-15.6.1\lib\ltex-ls-plus-18.6.1\lib\hunspell-2.1.2.jar;c:\Users\yusen\.vscode\extensions\ltex-plus.vscode-ltex-plus-15.6.1\lib\ltex-ls-plus-18.6.1\lib\icu4j-77.1.jar;c:\Users\yusen\.vscode\extensions\ltex-plus.vscode-ltex-plus-15.6.1\lib\ltex-ls-plus-18.6.1\lib\indriya-1.3.jar;c:\Users\yusen\.vscode\extensions\ltex-plus.vscode-ltex-plus-15.6.1\lib\ltex-ls-plus-18.6.1\lib\istack-commons-runtime-4.1.2.jar;c:\Users\yusen\.vscode\extensions\ltex-plus.vscode-ltex-plus-15.6.1\lib\ltex-ls-plus-18.6.1\lib\j2objc-annotations-3.0.0.jar;c:\Users\yusen\.vscode\extensions\ltex-plus.vscode-ltex-plus-15.6.1\lib\ltex-ls-plus-18.6.1\lib\jackson-annotations-2.18.0.jar;c:\Users\yusen\.vscode\extensions\ltex-plus.vscode-ltex-plus-15.6.1\lib\ltex-ls-plus-18.6.1\lib\jackson-core-2.18.0.jar;c:\Users\yusen\.vscode\extensions\ltex-plus.vscode-ltex-plus-15.6.1\lib\ltex-ls-plus-18.6.1\lib\jackson-databind-2.18.0.jar;c:\Users\yusen\.vscode\extensions\ltex-plus.vscode-ltex-plus-15.6.1\lib\ltex-ls-plus-18.6.1\lib\jakarta.activation-1.2.2.jar;c:\Users\yusen\.vscode\extensions\ltex-plus.vscode-ltex-plus-15.6.1\lib\ltex-ls-plus-18.6.1\lib\jakarta.activation-api-2.1.3.jar;c:\Users\yusen\.vscode\extensions\ltex-plus.vscode-ltex-plus-15.6.1\lib\ltex-ls-plus-18.6.1\lib\jakarta.xml.bind-api-2.3.3.jar;c:\Users\yusen\.vscode\extensions\ltex-plus.vscode-ltex-plus-15.6.1\lib\ltex-ls-plus-18.6.1\lib\jansi-2.4.2.jar;c:\Users\yusen\.vscode\extensions\ltex-plus.vscode-ltex-plus-15.6.1\lib\ltex-ls-plus-18.6.1\lib\java-diff-utils-4.12.jar;c:\Users\yusen\.vscode\extensions\ltex-plus.vscode-ltex-plus-15.6.1\lib\ltex-ls-plus-18.6.1\lib\javax.activation-api-1.2.0.jar;c:\Users\yusen\.vscode\extensions\ltex-plus.vscode-ltex-plus-15.6.1\lib\ltex-ls-plus-18.6.1\lib\javax.annotation-api-1.3.2.jar;c:\Users\yusen\.vscode\extensions\ltex-plus.vscode-ltex-plus-15.6.1\lib\ltex-ls-plus-18.6.1\lib\jaxb-api-2.3.1.jar;c:\Users\yusen\.vscode\extensions\ltex-plus.vscode-ltex-plus-15.6.1\lib\ltex-ls-plus-18.6.1\lib\jaxb-core-2.3.0.1.jar;c:\Users\yusen\.vscode\extensions\ltex-plus.vscode-ltex-plus-15.6.1\lib\ltex-ls-plus-18.6.1\lib\jaxb-core-4.0.5.jar;c:\Users\yusen\.vscode\extensions\ltex-plus.vscode-ltex-plus-15.6.1\lib\ltex-ls-plus-18.6.1\lib\jaxb-impl-2.3.3.jar;c:\Users\yusen\.vscode\extensions\ltex-plus.vscode-ltex-plus-15.6.1\lib\ltex-ls-plus-18.6.1\lib\jaxb-runtime-4.0.5.jar;c:\Users\yusen\.vscode\extensions\ltex-plus.vscode-ltex-plus-15.6.1\lib\ltex-ls-plus-18.6.1\lib\jna-5.12.1.jar;c:\Users\yusen\.vscode\extensions\ltex-plus.vscode-ltex-plus-15.6.1\lib\ltex-ls-plus-18.6.1\lib\jna-platform-5.12.1.jar;c:\Users\yusen\.vscode\extensions\ltex-plus.vscode-ltex-plus-15.6.1\lib\ltex-ls-plus-18.6.1\lib\json-20240303.jar;c:\Users\yusen\.vscode\extensions\ltex-plus.vscode-ltex-plus-15.6.1\lib\ltex-ls-plus-18.6.1\lib\jsonic-1.2.11.jar;c:\Users\yusen\.vscode\extensions\ltex-plus.vscode-ltex-plus-15.6.1\lib\ltex-ls-plus-18.6.1\lib\jsr305-3.0.2.jar;c:\Users\yusen\.vscode\extensions\ltex-plus.vscode-ltex-plus-15.6.1\lib\ltex-ls-plus-18.6.1\lib\junit-4.13.2.jar;c:\Users\yusen\.vscode\extensions\ltex-plus.vscode-ltex-plus-15.6.1\lib\ltex-ls-plus-18.6.1\lib\jwordsplitter-4.7.jar;c:\Users\yusen\.vscode\extensions\ltex-plus.vscode-ltex-plus-15.6.1\lib\ltex-ls-plus-18.6.1\lib\kotlin-stdlib-2.2.10.jar;c:\Users\yusen\.vscode\extensions\ltex-plus.vscode-ltex-plus-15.6.1\lib\ltex-ls-plus-18.6.1\lib\kotlin-stdlib-2.2.20.jar;c:\Users\yusen\.vscode\extensions\ltex-plus.vscode-ltex-plus-15.6.1\lib\ltex-ls-plus-18.6.1\lib\language-all-6.7.jar;c:\Users\yusen\.vscode\extensions\ltex-plus.vscode-ltex-plus-15.6.1\lib\ltex-ls-plus-18.6.1\lib\language-ar-6.7.jar;c:\Users\yusen\.vscode\extensions\ltex-plus.vscode-ltex-plus-15.6.1\lib\ltex-ls-plus-18.6.1\lib\language-ast-6.7.jar;c:\Users\yusen\.vscode\extensions\ltex-plus.vscode-ltex-plus-15.6.1\lib\ltex-ls-plus-18.6.1\lib\language-be-6.7.jar;c:\Users\yusen\.vscode\extensions\ltex-plus.vscode-ltex-plus-15.6.1\lib\ltex-ls-plus-18.6.1\lib\language-br-6.7.jar;c:\Users\yusen\.vscode\extensions\ltex-plus.vscode-ltex-plus-15.6.1\lib\ltex-ls-plus-18.6.1\lib\language-ca-6.7.jar;c:\Users\yusen\.vscode\extensions\ltex-plus.vscode-ltex-plus-15.6.1\lib\ltex-ls-plus-18.6.1\lib\language-crh-6.7.jar;c:\Users\yusen\.vscode\extensions\ltex-plus.vscode-ltex-plus-15.6.1\lib\ltex-ls-plus-18.6.1\lib\language-da-6.7.jar;c:\Users\yusen\.vscode\extensions\ltex-plus.vscode-ltex-plus-15.6.1\lib\ltex-ls-plus-18.6.1\lib\language-de-6.7.jar;c:\Users\yusen\.vscode\extensions\ltex-plus.vscode-ltex-plus-15.6.1\lib\ltex-ls-plus-18.6.1\lib\language-de-DE-x-simple-language-6.7.jar;c:\Users\yusen\.vscode\extensions\ltex-plus.vscode-ltex-plus-15.6.1\lib\ltex-ls-plus-18.6.1\lib\language-detector-0.6.jar;c:\Users\yusen\.vscode\extensions\ltex-plus.vscode-ltex-plus-15.6.1\lib\ltex-ls-plus-18.6.1\lib\language-el-6.7.jar;c:\Users\yusen\.vscode\extensions\ltex-plus.vscode-ltex-plus-15.6.1\lib\ltex-ls-plus-18.6.1\lib\language-en-6.7.jar;c:\Users\yusen\.vscode\extensions\ltex-plus.vscode-ltex-plus-15.6.1\lib\ltex-ls-plus-18.6.1\lib\language-eo-6.7.jar;c:\Users\yusen\.vscode\extensions\ltex-plus.vscode-ltex-plus-15.6.1\lib\ltex-ls-plus-18.6.1\lib\language-es-6.7.jar;c:\Users\yusen\.vscode\extensions\ltex-plus.vscode-ltex-plus-15.6.1\lib\ltex-ls-plus-18.6.1\lib\language-fa-6.7.jar;c:\Users\yusen\.vscode\extensions\ltex-plus.vscode-ltex-plus-15.6.1\lib\ltex-ls-plus-18.6.1\lib\language-fr-6.7.jar;c:\Users\yusen\.vscode\extensions\ltex-plus.vscode-ltex-plus-15.6.1\lib\ltex-ls-plus-18.6.1\lib\language-ga-6.7.jar;c:\Users\yusen\.vscode\extensions\ltex-plus.vscode-ltex-plus-15.6.1\lib\ltex-ls-plus-18.6.1\lib\language-gl-6.7.jar;c:\Users\yusen\.vscode\extensions\ltex-plus.vscode-ltex-plus-15.6.1\lib\ltex-ls-plus-18.6.1\lib\language-it-6.7.jar;c:\Users\yusen\.vscode\extensions\ltex-plus.vscode-ltex-plus-15.6.1\lib\ltex-ls-plus-18.6.1\lib\language-ja-6.7.jar;c:\Users\yusen\.vscode\extensions\ltex-plus.vscode-ltex-plus-15.6.1\lib\ltex-ls-plus-18.6.1\lib\language-km-6.7.jar;c:\Users\yusen\.vscode\extensions\ltex-plus.vscode-ltex-plus-15.6.1\lib\ltex-ls-plus-18.6.1\lib\language-nl-6.7.jar;c:\Users\yusen\.vscode\extensions\ltex-plus.vscode-ltex-plus-15.6.1\lib\ltex-ls-plus-18.6.1\lib\language-pl-6.7.jar;c:\Users\yusen\.vscode\extensions\ltex-plus.vscode-ltex-plus-15.6.1\lib\ltex-ls-plus-18.6.1\lib\language-pt-6.7.jar;c:\Users\yusen\.vscode\extensions\ltex-plus.vscode-ltex-plus-15.6.1\lib\ltex-ls-plus-18.6.1\lib\language-ro-6.7.jar;c:\Users\yusen\.vscode\extensions\ltex-plus.vscode-ltex-plus-15.6.1\lib\ltex-ls-plus-18.6.1\lib\language-ru-6.7.jar;c:\Users\yusen\.vscode\extensions\ltex-plus.vscode-ltex-plus-15.6.1\lib\ltex-ls-plus-18.6.1\lib\language-sk-6.7.jar;c:\Users\yusen\.vscode\extensions\ltex-plus.vscode-ltex-plus-15.6.1\lib\ltex-ls-plus-18.6.1\lib\language-sl-6.7.jar;c:\Users\yusen\.vscode\extensions\ltex-plus.vscode-ltex-plus-15.6.1\lib\ltex-ls-plus-18.6.1\lib\language-sv-6.7.jar;c:\Users\yusen\.vscode\extensions\ltex-plus.vscode-ltex-plus-15.6.1\lib\ltex-ls-plus-18.6.1\lib\language-ta-6.7.jar;c:\Users\yusen\.vscode\extensions\ltex-plus.vscode-ltex-plus-15.6.1\lib\ltex-ls-plus-18.6.1\lib\language-tl-6.7.jar;c:\Users\yusen\.vscode\extensions\ltex-plus.vscode-ltex-plus-15.6.1\lib\ltex-ls-plus-18.6.1\lib\language-uk-6.7.jar;c:\Users\yusen\.vscode\extensions\ltex-plus.vscode-ltex-plus-15.6.1\lib\ltex-ls-plus-18.6.1\lib\language-zh-6.7.jar;c:\Users\yusen\.vscode\extensions\ltex-plus.vscode-ltex-plus-15.6.1\lib\ltex-ls-plus-18.6.1\lib\languagetool-core-6.7.jar;c:\Users\yusen\.vscode\extensions\ltex-plus.vscode-ltex-plus-15.6.1\lib\ltex-ls-plus-18.6.1\lib\languagetool-ga-dicts-0.02.jar;c:\Users\yusen\.vscode\extensions\ltex-plus.vscode-ltex-plus-15.6.1\lib\ltex-ls-plus-18.6.1\lib\LatencyUtils-2.0.3.jar;c:\Users\yusen\.vscode\extensions\ltex-plus.vscode-ltex-plus-15.6.1\lib\ltex-ls-plus-18.6.1\lib\linguistics.grammardb.spell.languagetool-1.0.2.jar;c:\Users\yusen\.vscode\extensions\ltex-plus.vscode-ltex-plus-15.6.1\lib\ltex-ls-plus-18.6.1\lib\listenablefuture-9999.0-empty-to-avoid-conflict-with-guava.jar;c:\Users\yusen\.vscode\extensions\ltex-plus.vscode-ltex-plus-15.6.1\lib\ltex-ls-plus-18.6.1\lib\lspcli-2.2.1.jar;c:\Users\yusen\.vscode\extensions\ltex-plus.vscode-ltex-plus-15.6.1\lib\ltex-ls-plus-18.6.1\lib\ltexls-plus-18.6.1.jar;c:\Users\yusen\.vscode\extensions\ltex-plus.vscode-ltex-plus-15.6.1\lib\ltex-ls-plus-18.6.1\lib\lucene-backward-codecs-5.5.5.jar;c:\Users\yusen\.vscode\extensions\ltex-plus.vscode-ltex-plus-15.6.1\lib\ltex-ls-plus-18.6.1\lib\lucene-core-5.5.5.jar;c:\Users\yusen\.vscode\extensions\ltex-plus.vscode-ltex-plus-15.6.1\lib\ltex-ls-plus-18.6.1\lib\lucene-gosen-6.2.1-ipadic.jar;c:\Users\yusen\.vscode\extensions\ltex-plus.vscode-ltex-plus-15.6.1\lib\ltex-ls-plus-18.6.1\lib\micrometer-core-1.7.12.jar;c:\Users\yusen\.vscode\extensions\ltex-plus.vscode-ltex-plus-15.6.1\lib\ltex-ls-plus-18.6.1\lib\micrometer-registry-prometheus-1.7.12.jar;c:\Users\yusen\.vscode\extensions\ltex-plus.vscode-ltex-plus-15.6.1\lib\ltex-ls-plus-18.6.1\lib\morfologik-crh-lt-1.0.1.jar;c:\Users\yusen\.vscode\extensions\ltex-plus.vscode-ltex-plus-15.6.1\lib\ltex-ls-plus-18.6.1\lib\morfologik-fsa-2.1.9.jar;c:\Users\yusen\.vscode\extensions\ltex-plus.vscode-ltex-plus-15.6.1\lib\ltex-ls-plus-18.6.1\lib\morfologik-fsa-builders-2.1.9.jar;c:\Users\yusen\.vscode\extensions\ltex-plus.vscode-ltex-plus-15.6.1\lib\ltex-ls-plus-18.6.1\lib\morfologik-speller-2.1.9.jar;c:\Users\yusen\.vscode\extensions\ltex-plus.vscode-ltex-plus-15.6.1\lib\ltex-ls-plus-18.6.1\lib\morfologik-stemming-2.1.9.jar;c:\Users\yusen\.vscode\extensions\ltex-plus.vscode-ltex-plus-15.6.1\lib\ltex-ls-plus-18.6.1\lib\morfologik-ukrainian-lt-6.7.1.jar;c:\Users\yusen\.vscode\extensions\ltex-plus.vscode-ltex-plus-15.6.1\lib\ltex-ls-plus-18.6.1\lib\morphology-el-1.0.0.jar;c:\Users\yusen\.vscode\extensions\ltex-plus.vscode-ltex-plus-15.6.1\lib\ltex-ls-plus-18.6.1\lib\opennlp-chunk-models-1.5.jar;c:\Users\yusen\.vscode\extensions\ltex-plus.vscode-ltex-plus-15.6.1\lib\ltex-ls-plus-18.6.1\lib\opennlp-postag-models-1.5.jar;c:\Users\yusen\.vscode\extensions\ltex-plus.vscode-ltex-plus-15.6.1\lib\ltex-ls-plus-18.6.1\lib\opennlp-tokenize-models-1.5.jar;c:\Users\yusen\.vscode\extensions\ltex-plus.vscode-ltex-plus-15.6.1\lib\ltex-ls-plus-18.6.1\lib\opennlp-tools-1.9.4.jar;c:\Users\yusen\.vscode\extensions\ltex-plus.vscode-ltex-plus-15.6.1\lib\ltex-ls-plus-18.6.1\lib\openregex-1.1.1.jar;c:\Users\yusen\.vscode\extensions\ltex-plus.vscode-ltex-plus-15.6.1\lib\ltex-ls-plus-18.6.1\lib\opentelemetry-api-1.42.1.jar;c:\Users\yusen\.vscode\extensions\ltex-plus.vscode-ltex-plus-15.6.1\lib\ltex-ls-plus-18.6.1\lib\opentelemetry-context-1.42.1.jar;c:\Users\yusen\.vscode\extensions\ltex-plus.vscode-ltex-plus-15.6.1\lib\ltex-ls-plus-18.6.1\lib\opentelemetry-semconv-1.30.1-alpha.jar;c:\Users\yusen\.vscode\extensions\ltex-plus.vscode-ltex-plus-15.6.1\lib\ltex-ls-plus-18.6.1\lib\org.eclipse.lsp4j-0.24.0.jar;c:\Users\yusen\.vscode\extensions\ltex-plus.vscode-ltex-plus-15.6.1\lib\ltex-ls-plus-18.6.1\lib\org.eclipse.lsp4j.jsonrpc-0.24.0.jar;c:\Users\yusen\.vscode\extensions\ltex-plus.vscode-ltex-plus-15.6.1\lib\ltex-ls-plus-18.6.1\lib\perfmark-api-0.27.0.jar;c:\Users\yusen\.vscode\extensions\ltex-plus.vscode-ltex-plus-15.6.1\lib\ltex-ls-plus-18.6.1\lib\picocli-4.7.7.jar;c:\Users\yusen\.vscode\extensions\ltex-plus.vscode-ltex-plus-15.6.1\lib\ltex-ls-plus-18.6.1\lib\portuguese-pos-dict-1.2.0.jar;c:\Users\yusen\.vscode\extensions\ltex-plus.vscode-ltex-plus-15.6.1\lib\ltex-ls-plus-18.6.1\lib\proto-google-common-protos-2.59.2.jar;c:\Users\yusen\.vscode\extensions\ltex-plus.vscode-ltex-plus-15.6.1\lib\ltex-ls-plus-18.6.1\lib\protobuf-java-3.25.8.jar;c:\Users\yusen\.vscode\extensions\ltex-plus.vscode-ltex-plus-15.6.1\lib\ltex-ls-plus-18.6.1\lib\resilience4j-circuitbreaker-1.7.1.jar;c:\Users\yusen\.vscode\extensions\ltex-plus.vscode-ltex-plus-15.6.1\lib\ltex-ls-plus-18.6.1\lib\resilience4j-core-1.7.1.jar;c:\Users\yusen\.vscode\extensions\ltex-plus.vscode-ltex-plus-15.6.1\lib\ltex-ls-plus-18.6.1\lib\resilience4j-micrometer-1.7.1.jar;c:\Users\yusen\.vscode\extensions\ltex-plus.vscode-ltex-plus-15.6.1\lib\ltex-ls-plus-18.6.1\lib\segment-2.0.3.jar;c:\Users\yusen\.vscode\extensions\ltex-plus.vscode-ltex-plus-15.6.1\lib\ltex-ls-plus-18.6.1\lib\simpleclient-0.16.0.jar;c:\Users\yusen\.vscode\extensions\ltex-plus.vscode-ltex-plus-15.6.1\lib\ltex-ls-plus-18.6.1\lib\simpleclient_common-0.10.0.jar;c:\Users\yusen\.vscode\extensions\ltex-plus.vscode-ltex-plus-15.6.1\lib\ltex-ls-plus-18.6.1\lib\simpleclient_guava-0.16.0.jar;c:\Users\yusen\.vscode\extensions\ltex-plus.vscode-ltex-plus-15.6.1\lib\ltex-ls-plus-18.6.1\lib\simpleclient_tracer_common-0.16.0.jar;c:\Users\yusen\.vscode\extensions\ltex-plus.vscode-ltex-plus-15.6.1\lib\ltex-ls-plus-18.6.1\lib\simpleclient_tracer_otel-0.16.0.jar;c:\Users\yusen\.vscode\extensions\ltex-plus.vscode-ltex-plus-15.6.1\lib\ltex-ls-plus-18.6.1\lib\simpleclient_tracer_otel_agent-0.16.0.jar;c:\Users\yusen\.vscode\extensions\ltex-plus.vscode-ltex-plus-15.6.1\lib\ltex-ls-plus-18.6.1\lib\slf4j-api-2.0.16.jar;c:\Users\yusen\.vscode\extensions\ltex-plus.vscode-ltex-plus-15.6.1\lib\ltex-ls-plus-18.6.1\lib\slf4j-nop-2.0.17.jar;c:\Users\yusen\.vscode\extensions\ltex-plus.vscode-ltex-plus-15.6.1\lib\ltex-ls-plus-18.6.1\lib\spanish-pos-dict-2.5.jar;c:\Users\yusen\.vscode\extensions\ltex-plus.vscode-ltex-plus-15.6.1\lib\ltex-ls-plus-18.6.1\lib\stax2-api-4.2.2.jar;c:\Users\yusen\.vscode\extensions\ltex-plus.vscode-ltex-plus-15.6.1\lib\ltex-ls-plus-18.6.1\lib\txw2-4.0.5.jar;c:\Users\yusen\.vscode\extensions\ltex-plus.vscode-ltex-plus-15.6.1\lib\ltex-ls-plus-18.6.1\lib\unit-api-1.0.jar;c:\Users\yusen\.vscode\extensions\ltex-plus.vscode-ltex-plus-15.6.1\lib\ltex-ls-plus-18.6.1\lib\uom-lib-common-1.1.jar;c:\Users\yusen\.vscode\extensions\ltex-plus.vscode-ltex-plus-15.6.1\lib\ltex-ls-plus-18.6.1\lib\vavr-0.10.2.jar;c:\Users\yusen\.vscode\extensions\ltex-plus.vscode-ltex-plus-15.6.1\lib\ltex-ls-plus-18.6.1\lib\vavr-match-0.10.2.jar;c:\Users\yusen\.vscode\extensions\ltex-plus.vscode-ltex-plus-15.6.1\lib\ltex-ls-plus-18.6.1\lib\woodstox-core-7.1.1.jar
Launcher Type: SUN_STANDARD

[Global flags]
     intx CICompilerCount                          = 4                                         {product} {ergonomic}
     uint ConcGCThreads                            = 3                                         {product} {ergonomic}
     uint G1ConcRefinementThreads                  = 10                                        {product} {ergonomic}
   size_t G1HeapRegionSize                         = 1048576                                   {product} {ergonomic}
    uintx GCDrainStackTargetSize                   = 64                                        {product} {ergonomic}
   size_t InitialHeapSize                          = 67108864                                  {product} {command line}
   size_t MarkStackSize                            = 4194304                                   {product} {ergonomic}
   size_t MaxHeapSize                              = 2147483648                                {product} {command line}
   size_t MaxNewSize                               = 1287651328                                {product} {ergonomic}
   size_t MinHeapDeltaBytes                        = 1048576                                   {product} {ergonomic}
   size_t MinHeapSize                              = 67108864                                  {product} {command line}
    uintx NonNMethodCodeHeapSize                   = 5839372                                {pd product} {ergonomic}
    uintx NonProfiledCodeHeapSize                  = 122909434                              {pd product} {ergonomic}
    uintx ProfiledCodeHeapSize                     = 122909434                              {pd product} {ergonomic}
    uintx ReservedCodeCacheSize                    = 251658240                              {pd product} {ergonomic}
     bool SegmentedCodeCache                       = true                                      {product} {ergonomic}
   size_t SoftMaxHeapSize                          = 2147483648                             {manageable} {ergonomic}
     bool UseCompressedOops                        = true                           {product lp64_product} {ergonomic}
     bool UseG1GC                                  = true                                      {product} {ergonomic}
     bool UseLargePagesIndividualAllocation        = false                                  {pd product} {ergonomic}

Logging:
Log output configuration:
 #0: stdout all=warning uptime,level,tags foldmultilines=false
 #1: stderr all=off uptime,level,tags foldmultilines=false

Environment Variables:
JAVA_HOME=c:\Users\yusen\.vscode\extensions\ltex-plus.vscode-ltex-plus-15.6.1\lib\ltex-ls-plus-18.6.1\jdk-21.0.8+9
CLASSPATH="c:\Users\yusen\.vscode\extensions\ltex-plus.vscode-ltex-plus-15.6.1\lib\ltex-ls-plus-18.6.1"\etc;"c:\Users\yusen\.vscode\extensions\ltex-plus.vscode-ltex-plus-15.6.1\lib\ltex-ls-plus-18.6.1\lib"\*
PATH=C:\Users\yusen\AppData\Local\Programs\Microsoft VS Code;C:\Windows\system32;C:\Windows;C:\Windows\System32\Wbem;C:\Windows\System32\WindowsPowerShell\v1.0\;C:\Windows\System32\OpenSSH\;C:\Program Files\dotnet\;C:\Users\yusen\AppData\Local\Microsoft\WindowsApps;C:\Users\yusen\AppData\Local\Programs\Microsoft VS Code\bin;C:\Users\yusen\AppData\Local\Programs\Git\cmd;C:\Users\yusen\AppData\Local\Programs\cursor\resources\app\bin
USERNAME=yusen
OS=Windows_NT
PROCESSOR_IDENTIFIER=Intel64 Family 6 Model 186 Stepping 2, GenuineIntel
TMP=C:\Users\yusen\AppData\Local\Temp
TEMP=C:\Users\yusen\AppData\Local\Temp




Periodic native trim disabled

---------------  S Y S T E M  ---------------

OS:
 Windows 11 , 64 bit Build 22621 (10.0.22621.3527)
OS uptime: 19 days 0:47 hours

CPU: total 12 (initial active 12) (6 cores per cpu, 2 threads per core) family 6 model 186 stepping 2 microcode 0x410c, cx8, cmov, fxsr, ht, mmx, 3dnowpref, sse, sse2, sse3, ssse3, sse4.1, sse4.2, popcnt, lzcnt, tsc, tscinvbit, avx, avx2, aes, erms, clmul, bmi1, bmi2, adx, sha, fma, vzeroupper, clflush, clflushopt, clwb, serialize, rdtscp, rdpid, fsrm, f16c, pku, cet_ibt, cet_ss
Processor Information for processor 0
  Max Mhz: 2100, Current Mhz: 2100, Mhz Limit: 2100
Processor Information for processor 1
  Max Mhz: 2100, Current Mhz: 2100, Mhz Limit: 2100
Processor Information for processor 2
  Max Mhz: 2100, Current Mhz: 2100, Mhz Limit: 2100
Processor Information for processor 3
  Max Mhz: 2100, Current Mhz: 2100, Mhz Limit: 2100
Processor Information for processor 4
  Max Mhz: 2100, Current Mhz: 2100, Mhz Limit: 2100
Processor Information for processor 5
  Max Mhz: 2100, Current Mhz: 2100, Mhz Limit: 2100
Processor Information for processor 6
  Max Mhz: 2100, Current Mhz: 2100, Mhz Limit: 2100
Processor Information for processor 7
  Max Mhz: 2100, Current Mhz: 2100, Mhz Limit: 2100
Processor Information for processor 8
  Max Mhz: 2100, Current Mhz: 1500, Mhz Limit: 1491
Processor Information for processor 9
  Max Mhz: 2100, Current Mhz: 1500, Mhz Limit: 1491
Processor Information for processor 10
  Max Mhz: 2100, Current Mhz: 1500, Mhz Limit: 1491
Processor Information for processor 11
  Max Mhz: 2100, Current Mhz: 1500, Mhz Limit: 1491

Memory: 4k page, system-wide physical 16019M (632M free)
TotalPageFile size 51427M (AvailPageFile size 110M)
current process WorkingSet (physical memory assigned to process): 304M, peak: 304M
current process commit charge ("private bytes"): 332M, peak: 467M

vm_info: OpenJDK 64-Bit Server VM (21.0.8+9-LTS) for windows-amd64 JRE (21.0.8+9-LTS), built on 2025-07-15T00:00:00Z by "admin" with MS VC++ 17.7 (VS2022)

END.
