In mode: all_dft...
  Pre-DFT DRC enabled

Information: Starting test design rule checking. (TEST-222)
  Loading test protocol
  ...basic checks...
  ...basic sequential cell checks...
  	...checking for scan equivalents...
  ...checking vector rules...
  ...checking pre-dft rules...

-----------------------------------------------------------------
Begin Modeling violations...

Warning: Cell I_CLOCK_GEN/I_PLL_PCI (PLL) is unknown (black box) because functionality for output pin CLK is bad or incomplete. (TEST-451)
Information: There are 12 other cells with the same violation. (TEST-171)

Modeling violations completed...
-----------------------------------------------------------------

-----------------------------------------------------------------
Begin Topology violations...

Warning: Three-state net I_ORCA_TOP/I_PCI_READ_FIFO/fifo_data_in[31] is not properly driven. (TEST-115)
Information: There are 431 other nets with the same violation. (TEST-289)

Topology violations completed...
-----------------------------------------------------------------

-----------------------------------------------------------------
  DRC Report

  Total violations: 445

-----------------------------------------------------------------

13 MODELING VIOLATIONS
    13 Cell has unknown model violations (TEST-451)

432 TOPOLOGY VIOLATIONS
   432 Improperly driven three-state net violations (TEST-115)


Warning: Violations occurred during test design rule checking. (TEST-124)

-----------------------------------------------------------------
  Sequential Cell Report

  32 out of 2958 sequential cells have violations

-----------------------------------------------------------------

SEQUENTIAL CELLS WITH VIOLATIONS
      *  32 cells have test design rule violations
SEQUENTIAL CELLS WITHOUT VIOLATIONS
      *2926 cells are valid scan cells

Information: Test design rule checking completed. (TEST-123)
1
