In mode: all_dft...
Information: Checking out the license 'DesignWare'. (SEC-104)
  Pre-DFT DRC enabled

Information: Starting test design rule checking. (TEST-222)
  Building model 'DW01_MUX'
  Building model 'DW01_mmux_width2'
  Building model 'DW01_mmux_width3'
  Building model 'DW01_mmux_width4'
  Building model 'DW01_mmux_width5'
  Loading test protocol
  ...checking vector rules...
  ...checking pre-dft rules...

-----------------------------------------------------------------
Begin Pre-DFT violations...

 Warning: Clock input clocked_on of DFF I_ALU/Carry_Flag_reg(/media/6/Projects/DFTC1_2010.03-lab-runtime/ref/rtl/RISC_CORE/vhdl/ALU.vhd 40) was not controlled. (D1-1)
Information: There are 309 other cells with the same violation. (TEST-171)
 Warning: Reset input clear of DFF I_ALU/Carry_Flag_reg(/media/6/Projects/DFTC1_2010.03-lab-runtime/ref/rtl/RISC_CORE/vhdl/ALU.vhd 40) was not controlled. (D3-1)
Information: There are 89 other cells with the same violation. (TEST-171)
 Warning: Reset clock path affected by new capture on LS input clear of DFF I_DIV_CLK/q_reg(/media/6/Projects/DFTC1_2010.03-lab-runtime/ref/rtl/RISC_CORE/vhdl/DIV_CLK_FIX.vhd 20). (D15-1)
         Source of violation: input clear of DFF I_RST/q2_reg.

Pre-DFT violations completed...
-----------------------------------------------------------------

-----------------------------------------------------------------
  DRC Report

  Total violations: 401

-----------------------------------------------------------------

401 PRE-DFT VIOLATIONS
   310 Uncontrollable clock input of flip-flop violations (D1)
    90 DFF set/reset line not controlled violations (D3)
     1 Clock path affected by clock captured by clock in level sensitive clock_port violation (D15)


Warning: Violations occurred during test design rule checking. (TEST-124)
Information: Test design rule checking completed. (TEST-123)
Warning: The current design contains unmapped components. The output netlist might not be read back into the system. (TEST-268)
1
