In mode: Internal_scan...
  Design has scan chains in this mode
  Design is scan routed
  Post-DFT DRC enabled

Information: Starting test design rule checking. (TEST-222)
  Loading test protocol
  ...basic checks...
  ...basic sequential cell checks...
  ...checking vector rules...
  ...checking clock rules...
  ...checking scan chain rules...
  ...checking scan compression rules...
  ...checking X-state rules...
  ...checking tristate rules...
  ...extracting scan details...

-------------------------------------------------------------------------
Traced Scan Chains
-------------------------------------------------------------------------
Chain "1" traced through 261 flip-flops 


-------------------------------------------------------------------------
Summary of all DFT DRC violations
-------------------------------------------------------------------------

0 TOTAL VIOLATIONS 

Test Design rule checking did not find violations

-----------------------------------------------------------------------------------------   
 Sequential Cell Report:       Sequential       Core             Core                 
                               Cells            Segments         Segment Cells        
-----------------------------------------------------------------------------------------
 Sequential Elements Detected:  261                0                   0                       
 Clock Gating Cells          :  0                                                        
 Synchronizing Cells         :  0                                                        
 Non-Scan Elements           :  0                                                        
 Excluded Scan Elements      :  0                  0                   0                       
 Violated Scan Elements      :  0                  0                   0                       
 (Traced) Scan Elements      :  261     (100.0%)   0       (  0.0%)    0       (  0.0%)      
-----------------------------------------------------------------------------------------


Information: Test design rule checking completed. (TEST-123)
1
