In mode: all_dft...
  Pre-DFT DRC enabled

Information: Starting test design rule checking. (TEST-222)
  Loading test protocol
  ...basic checks...
  ...basic sequential cell checks...
  	...checking for scan equivalents...
  ...checking vector rules...
  ...checking pre-dft rules...


-------------------------------------------------------------------------
Summary of all DFT DRC violations
-------------------------------------------------------------------------

0 TOTAL VIOLATIONS 

Test Design rule checking did not find violations

-----------------------------------------------------------------------------------------   
 Sequential Cell Report:       Sequential       Core             Core                 
                               Cells            Segments         Segment Cells        
-----------------------------------------------------------------------------------------
 Sequential Elements Detected:  261                0                   0                       
 Clock Gating Cells          :  0                                                        
 Synchronizing Cells         :  0                                                        
 Non-Scan Elements           :  0                                                        
 Excluded Scan Elements      :  0                  0                   0                       
 Violated Scan Elements      :  0                  0                   0                       
 (Traced) Scan Elements      :  261     (100.0%)   0       (  0.0%)    0       (  0.0%)      
-----------------------------------------------------------------------------------------


Information: Test design rule checking completed. (TEST-123)
1
