In mode: all_dft...
  Pre-DFT DRC enabled
Warning: Design 'ORCA' contains 3 high-fanout nets. A fanout number of 1000 will be used for delay calculations involving these nets. (TIM-134)
Warning: A non-unate path in clock network for clock 'SDRAM_CLK' from pin 'I_ORCA_TOP/I_SDRAM_IF/sd_mux_dq_out_0/Z' is detected. (TIM-052)
Warning: A non-unate path in clock network for clock 'sdr_clk' from pin 'I_ORCA_TOP/I_SDRAM_IF/sd_mux_dq_out_0/Z' is detected. (TIM-052)
Warning: No controlling value could be found for the clock gating cell 'I_ORCA_TOP/I_RISC_CORE/U3' for the clock pin 'A1'. (TIM-128)
Warning: Gated clock latch is not created for cell 'I_ORCA_TOP/I_RISC_CORE/U3'on pin 'B1' in design 'ORCA'. (TIM-141)
Warning: No controlling value could be found for the clock gating cell 'I_ORCA_TOP/I_RISC_CORE/U3' for the clock pin 'A1'. (TIM-128)
Warning: Gated clock latch is not created for cell 'I_ORCA_TOP/I_PCI_READ_FIFO/PCI_RFIFO_RAM'on pin 'CE1' in design 'ORCA'. (TIM-141)
Warning: Gated clock latch is not created for cell 'I_ORCA_TOP/I_PCI_WRITE_FIFO/PCI_WFIFO_RAM'on pin 'CE2' in design 'ORCA'. (TIM-141)
Warning: Gated clock latch is not created for cell 'I_ORCA_TOP/I_SDRAM_READ_FIFO/SD_RFIFO_RAM'on pin 'CE1' in design 'ORCA'. (TIM-141)
Warning: Gated clock latch is not created for cell 'I_ORCA_TOP/I_SDRAM_WRITE_FIFO/SD_WFIFO_RAM'on pin 'CE2' in design 'ORCA'. (TIM-141)
Warning: Gated clock latch is not created for cell 'I_CLOCK_GEN/U4'on pin 'I1' in design 'ORCA'. (TIM-141)
Warning: No controlling value could be found for the clock gating cell 'I_CLOCK_GEN/U4' for the clock pin 'I0'. (TIM-128)
Warning: Gated clock latch is not created for cell 'I_CLOCK_GEN/U2'on pin 'I0' in design 'ORCA'. (TIM-141)
Warning: A non-unate path in clock network for clock 'sdr_clk' from pin 'I_ORCA_TOP/I_SDRAM_IF/sd_mux_dq_out_0/Z' is detected. (TIM-052)
Warning: A non-unate path in clock network for clock 'SDRAM_CLK' from pin 'I_ORCA_TOP/I_SDRAM_IF/sd_mux_dq_out_0/Z' is detected. (TIM-052)
Information: There are 3032 clock pins driven by multiple clocks, and some of them are driven by up-to 3 clocks. (TIM-099)

Information: Starting test design rule checking. (TEST-222)
  Loading test protocol
  ...basic checks...
  ...basic sequential cell checks...
  	...checking for scan equivalents...
  ...Loading simulation libraries...
  ...checking vector rules...
  ...checking pre-dft rules...

-----------------------------------------------------------------
Begin Modeling violations...

Warning: Cell I_CLOCK_GEN/I_PLL_PCI (PLL) is unknown (black box) because functionality for output pin CLK is bad or incomplete. (TEST-451)
Information: There are 12 other cells with the same violation. (TEST-171)

Modeling violations completed...
-----------------------------------------------------------------

-----------------------------------------------------------------
Begin Topology violations...

Warning: Three-state net I_ORCA_TOP/I_PCI_READ_FIFO/fifo_data_in\[31\] is not properly driven. (TEST-115)
Information: There are 431 other nets with the same violation. (TEST-289)

Topology violations completed...
-----------------------------------------------------------------

-----------------------------------------------------------------
Begin Pre-DFT violations...

 Warning: Clock input CP of DFF I_ORCA_TOP/I_RESET_BLOCK/pci_rst_n_buf_reg was not controlled. (D1-1)
Information: There are 2975 other cells with the same violation. (TEST-171)
 Warning: Set input CDN of DFF I_ORCA_TOP/I_PCI_CORE/d_out_p_bus_reg\[3\] was not controlled. (D2-1)
Information: There are 21 other cells with the same violation. (TEST-171)
 Warning: Reset input CDN of DFF I_ORCA_TOP/I_PCI_CORE/d_out_p_bus_reg\[22\] was not controlled. (D3-1)
Information: There are 1309 other cells with the same violation. (TEST-171)
 Warning: Clock sys_clk connects to clock/clock inputs (CE1/CE2) of DFF I_ORCA_TOP/I_CONTEXT_MEM/CONTEXT_RAM_0. (D12-1)
Information: There are 5 other cells with the same violation. (TEST-171)
 Warning: pclk clock path affected by new capture on TE input CE1 of DFF I_ORCA_TOP/I_PCI_READ_FIFO/PCI_RFIFO_RAM. (D16-1)
         Source of violation: input CP of DFF U_CONFIG/config_state_reg\[1\].
 Warning: Clock input CE2 of DFF I_ORCA_TOP/I_CONTEXT_MEM/CONTEXT_RAM_0 cannot capture data. (D17-1)
Information: There are 9 other cells with the same violation. (TEST-171)

Pre-DFT violations completed...
-----------------------------------------------------------------

-----------------------------------------------------------------
  DRC Report

  Total violations: 4780

-----------------------------------------------------------------

13 MODELING VIOLATIONS
    13 Cell has unknown model violations (TEST-451)

432 TOPOLOGY VIOLATIONS
   432 Improperly driven three-state net violations (TEST-115)

4335 PRE-DFT VIOLATIONS
  2986 Uncontrollable clock input of flip-flop violations (D1)
    22 DFF set/reset line not controlled violations (D2)
  1310 DFF set/reset line not controlled violations (D3)
     6 Clock feeding multiple clock/set/reset inputs violations (D12)
     1 Clock path affected by clock captured by clock in trailing edge clock_port violation (D16)
    10 Clock_port not capable of capturing data violations (D17)


Warning: Violations occurred during test design rule checking. (TEST-124)

-----------------------------------------------------------------
  Sequential Cell Report

  2998 out of 3002 sequential cells have violations

-----------------------------------------------------------------

SEQUENTIAL CELLS WITH VIOLATIONS
      *2998 cells have test design rule violations
SEQUENTIAL CELLS WITHOUT VIOLATIONS
      *   4 cells are valid scan cells

Information: Test design rule checking completed. (TEST-123)
1
